<html>
<body>
<pre>
<h1>µVision Build Log</h1>
<h2>Tool Versions:</h2>
IDE-Version: ¦ÌVision V5.24.2.0
Copyright (C) 2017 ARM Ltd and ARM Germany GmbH. All rights reserved.
License Information: A ZhangX, A, LIC=14HV2-9W5NT-FWD2N-YYST9-G69JX-AVQU4
 
Tool Versions:
Toolchain:       MDK-ARM Plus  Version: 5.24.1
Toolchain Path:  D:\Keil5\ARM\ARMCC\Bin
C Compiler:      Armcc.exe V5.06 update 5 (build 528)
Assembler:       Armasm.exe V5.06 update 5 (build 528)
Linker/Locator:  ArmLink.exe V5.06 update 5 (build 528)
Library Manager: ArmAr.exe V5.06 update 5 (build 528)
Hex Converter:   FromElf.exe V5.06 update 5 (build 528)
CPU DLL:         SARMCM3.DLL V5.24.1
Dialog DLL:      DCM.DLL V1.16.0.0
Target DLL:      STLink\ST-LINKIII-KEIL_SWO.dll V3.0.1.0
Dialog DLL:      TCM.DLL V1.32.0.0
 
<h2>Project:</h2>
E:\AAA_HAL\Modbus_freertos\MDK-ARM\Modbus_freertos.uvprojx
Project File Date:  03/08/2026

<h2>Output:</h2>
*** Using Compiler 'V5.06 update 5 (build 528)', folder: 'D:\Keil5\ARM\ARMCC\Bin'
Build target 'Modbus_freertos'
compiling ModBus_Rtu.c...
..\Abstract\Interface\UART_OOP.h(19): warning:  #1-D: last line of file ends without a newline
  #endif
..\User\Inc\Modbus_Rtu.h(35): warning:  #1-D: last line of file ends without a newline
  #endif
..\User\Inc\Modbus_Data.h(10): warning:  #1-D: last line of file ends without a newline
  #endif
..\User\Scr\ModBus_Rtu.c(192): warning:  #177-D: variable "byte_count"  was declared but never referenced
  	uint8_t byte_count=cfg->rx_buf[6];
..\User\Scr\ModBus_Rtu.c(438): warning:  #1-D: last line of file ends without a newline
  }
..\User\Scr\ModBus_Rtu.c: 5 warnings, 0 errors
linking...
Program Size: Code=12912 RO-data=1020 RW-data=480 ZI-data=17472  
FromELF: creating hex file...
"HAL_Template\HAL_Template.axf" - 0 Error(s), 5 Warning(s).

<h2>Software Packages used:</h2>

Package Vendor: ARM
                http://www.keil.com/pack/ARM.CMSIS.5.0.1.pack
                ARM.CMSIS.5.0.1
                CMSIS (Cortex Microcontroller Software Interface Standard)
   * Component: CORE Version: 5.0.1

Package Vendor: Keil
                https://www.keil.com/pack/Keil.STM32F4xx_DFP.2.17.1.pack
                Keil.STM32F4xx_DFP.2.17.1
                STMicroelectronics STM32F4 Series Device Support, Drivers and Examples

<h2>Collection of Component include folders:</h2>
  .\RTE\_Modbus_freertos
  D:\Keil5\ARM\PACK\ARM\CMSIS\5.0.1\CMSIS\Include
  D:\Keil5\ARM\PACK\Keil\STM32F4xx_DFP\2.17.1\Drivers\CMSIS\Device\ST\STM32F4xx\Include

<h2>Collection of Component Files used:</h2>

   * Component: ARM::CMSIS:CORE:5.0.1
Build Time Elapsed:  00:00:01
</pre>
</body>
</html>
