Component: ARM Compiler 5.06 update 5 (build 528) Tool: armlink [4d35e2]

==============================================================================

Section Cross References

    startup_stm32f407xx.o(RESET) refers to startup_stm32f407xx.o(STACK) for __initial_sp
    startup_stm32f407xx.o(RESET) refers to startup_stm32f407xx.o(.text) for Reset_Handler
    startup_stm32f407xx.o(RESET) refers to stm32f4xx_it.o(i.NMI_Handler) for NMI_Handler
    startup_stm32f407xx.o(RESET) refers to stm32f4xx_it.o(i.HardFault_Handler) for HardFault_Handler
    startup_stm32f407xx.o(RESET) refers to stm32f4xx_it.o(i.MemManage_Handler) for MemManage_Handler
    startup_stm32f407xx.o(RESET) refers to stm32f4xx_it.o(i.BusFault_Handler) for BusFault_Handler
    startup_stm32f407xx.o(RESET) refers to stm32f4xx_it.o(i.UsageFault_Handler) for UsageFault_Handler
    startup_stm32f407xx.o(RESET) refers to port.o(.emb_text) for SVC_Handler
    startup_stm32f407xx.o(RESET) refers to stm32f4xx_it.o(i.DebugMon_Handler) for DebugMon_Handler
    startup_stm32f407xx.o(RESET) refers to port.o(i.SysTick_Handler) for SysTick_Handler
    startup_stm32f407xx.o(RESET) refers to stm32f4xx_it.o(i.USART1_IRQHandler) for USART1_IRQHandler
    startup_stm32f407xx.o(RESET) refers to stm32f4xx_it.o(i.TIM6_DAC_IRQHandler) for TIM6_DAC_IRQHandler
    startup_stm32f407xx.o(RESET) refers to stm32f4xx_it.o(i.TIM7_IRQHandler) for TIM7_IRQHandler
    startup_stm32f407xx.o(.text) refers to system_stm32f4xx.o(i.SystemInit) for SystemInit
    startup_stm32f407xx.o(.text) refers to entry.o(.ARM.Collect$$$$00000000) for __main
    stm32f4xx_hal_rcc.o(i.HAL_RCC_ClockConfig) refers to stm32f4xx_hal.o(i.HAL_GetTick) for HAL_GetTick
    stm32f4xx_hal_rcc.o(i.HAL_RCC_ClockConfig) refers to stm32f4xx_hal_rcc.o(i.HAL_RCC_GetSysClockFreq) for HAL_RCC_GetSysClockFreq
    stm32f4xx_hal_rcc.o(i.HAL_RCC_ClockConfig) refers to stm32f4xx_hal_timebase_tim.o(i.HAL_InitTick) for HAL_InitTick
    stm32f4xx_hal_rcc.o(i.HAL_RCC_ClockConfig) refers to system_stm32f4xx.o(.constdata) for AHBPrescTable
    stm32f4xx_hal_rcc.o(i.HAL_RCC_ClockConfig) refers to system_stm32f4xx.o(.data) for SystemCoreClock
    stm32f4xx_hal_rcc.o(i.HAL_RCC_ClockConfig) refers to stm32f4xx_hal.o(.data) for uwTickPrio
    stm32f4xx_hal_rcc.o(i.HAL_RCC_GetHCLKFreq) refers to system_stm32f4xx.o(.data) for SystemCoreClock
    stm32f4xx_hal_rcc.o(i.HAL_RCC_GetPCLK1Freq) refers to system_stm32f4xx.o(.data) for SystemCoreClock
    stm32f4xx_hal_rcc.o(i.HAL_RCC_GetPCLK1Freq) refers to system_stm32f4xx.o(.constdata) for APBPrescTable
    stm32f4xx_hal_rcc.o(i.HAL_RCC_GetPCLK2Freq) refers to system_stm32f4xx.o(.data) for SystemCoreClock
    stm32f4xx_hal_rcc.o(i.HAL_RCC_GetPCLK2Freq) refers to system_stm32f4xx.o(.constdata) for APBPrescTable
    stm32f4xx_hal_rcc.o(i.HAL_RCC_GetSysClockFreq) refers to uldiv.o(.text) for __aeabi_uldivmod
    stm32f4xx_hal_rcc.o(i.HAL_RCC_MCOConfig) refers to stm32f4xx_hal_gpio.o(i.HAL_GPIO_Init) for HAL_GPIO_Init
    stm32f4xx_hal_rcc.o(i.HAL_RCC_NMI_IRQHandler) refers to stm32f4xx_hal_rcc.o(i.HAL_RCC_CSSCallback) for HAL_RCC_CSSCallback
    stm32f4xx_hal_rcc.o(i.HAL_RCC_OscConfig) refers to stm32f4xx_hal.o(i.HAL_GetTick) for HAL_GetTick
    stm32f4xx_hal_rcc_ex.o(i.HAL_RCCEx_DisablePLLI2S) refers to stm32f4xx_hal.o(i.HAL_GetTick) for HAL_GetTick
    stm32f4xx_hal_rcc_ex.o(i.HAL_RCCEx_EnablePLLI2S) refers to stm32f4xx_hal.o(i.HAL_GetTick) for HAL_GetTick
    stm32f4xx_hal_rcc_ex.o(i.HAL_RCCEx_PeriphCLKConfig) refers to stm32f4xx_hal.o(i.HAL_GetTick) for HAL_GetTick
    stm32f4xx_hal_rcc_ex.o(i.HAL_RCC_DeInit) refers to stm32f4xx_hal.o(i.HAL_GetTick) for HAL_GetTick
    stm32f4xx_hal_rcc_ex.o(i.HAL_RCC_DeInit) refers to stm32f4xx_hal_timebase_tim.o(i.HAL_InitTick) for HAL_InitTick
    stm32f4xx_hal_rcc_ex.o(i.HAL_RCC_DeInit) refers to system_stm32f4xx.o(.data) for SystemCoreClock
    stm32f4xx_hal_rcc_ex.o(i.HAL_RCC_DeInit) refers to stm32f4xx_hal.o(.data) for uwTickPrio
    stm32f4xx_hal_flash.o(i.FLASH_SetErrorCode) refers to stm32f4xx_hal_flash.o(.bss) for .bss
    stm32f4xx_hal_flash.o(i.FLASH_WaitForLastOperation) refers to stm32f4xx_hal.o(i.HAL_GetTick) for HAL_GetTick
    stm32f4xx_hal_flash.o(i.FLASH_WaitForLastOperation) refers to stm32f4xx_hal_flash.o(i.FLASH_SetErrorCode) for FLASH_SetErrorCode
    stm32f4xx_hal_flash.o(i.FLASH_WaitForLastOperation) refers to stm32f4xx_hal_flash.o(.bss) for .bss
    stm32f4xx_hal_flash.o(i.HAL_FLASH_GetError) refers to stm32f4xx_hal_flash.o(.bss) for .bss
    stm32f4xx_hal_flash.o(i.HAL_FLASH_IRQHandler) refers to stm32f4xx_hal_flash.o(i.FLASH_SetErrorCode) for FLASH_SetErrorCode
    stm32f4xx_hal_flash.o(i.HAL_FLASH_IRQHandler) refers to stm32f4xx_hal_flash.o(i.HAL_FLASH_OperationErrorCallback) for HAL_FLASH_OperationErrorCallback
    stm32f4xx_hal_flash.o(i.HAL_FLASH_IRQHandler) refers to stm32f4xx_hal_flash.o(i.HAL_FLASH_EndOfOperationCallback) for HAL_FLASH_EndOfOperationCallback
[...]
    Removing uart_deiver.o(.revsh_text), (4 bytes).
    Removing uart_deiver.o(.rrx_text), (6 bytes).
    Removing modbus_rtu.o(.rev16_text), (4 bytes).
    Removing modbus_rtu.o(.revsh_text), (4 bytes).
    Removing modbus_rtu.o(.rrx_text), (6 bytes).
    Removing modbus_data.o(.rev16_text), (4 bytes).
    Removing modbus_data.o(.revsh_text), (4 bytes).
    Removing modbus_data.o(.rrx_text), (6 bytes).

539 unused section(s) (total 33350 bytes) removed from the image.

==============================================================================

Image Symbol Table

    Local Symbols

    Symbol Name                              Value     Ov Type        Size  Object(Section)

    ../Core/Src/freertos.c                   0x00000000   Number         0  freertos.o ABSOLUTE
    ../Core/Src/gpio.c                       0x00000000   Number         0  gpio.o ABSOLUTE
    ../Core/Src/main.c                       0x00000000   Number         0  main.o ABSOLUTE
    ../Core/Src/stm32f4xx_hal_msp.c          0x00000000   Number         0  stm32f4xx_hal_msp.o ABSOLUTE
    ../Core/Src/stm32f4xx_hal_timebase_tim.c 0x00000000   Number         0  stm32f4xx_hal_timebase_tim.o ABSOLUTE
    ../Core/Src/stm32f4xx_it.c               0x00000000   Number         0  stm32f4xx_it.o ABSOLUTE
    ../Core/Src/system_stm32f4xx.c           0x00000000   Number         0  system_stm32f4xx.o ABSOLUTE
    ../Core/Src/tim.c                        0x00000000   Number         0  tim.o ABSOLUTE
    ../Core/Src/usart.c                      0x00000000   Number         0  usart.o ABSOLUTE
    ../Drivers/STM32F4xx_HAL_Driver/Src/stm32f4xx_hal.c 0x00000000   Number         0  stm32f4xx_hal.o ABSOLUTE
    ../Drivers/STM32F4xx_HAL_Driver/Src/stm32f4xx_hal_cortex.c 0x00000000   Number         0  stm32f4xx_hal_cortex.o ABSOLUTE
    ../Drivers/STM32F4xx_HAL_Driver/Src/stm32f4xx_hal_dma.c 0x00000000   Number         0  stm32f4xx_hal_dma.o ABSOLUTE
    ../Drivers/STM32F4xx_HAL_Driver/Src/stm32f4xx_hal_dma_ex.c 0x00000000   Number         0  stm32f4xx_hal_dma_ex.o ABSOLUTE
    ../Drivers/STM32F4xx_HAL_Driver/Src/stm32f4xx_hal_exti.c 0x00000000   Number         0  stm32f4xx_hal_exti.o ABSOLUTE
    ../Drivers/STM32F4xx_HAL_Driver/Src/stm32f4xx_hal_flash.c 0x00000000   Number         0  stm32f4xx_hal_flash.o ABSOLUTE
    ../Drivers/STM32F4xx_HAL_Driver/Src/stm32f4xx_hal_flash_ex.c 0x00000000   Number         0  stm32f4xx_hal_flash_ex.o ABSOLUTE
    ../Drivers/STM32F4xx_HAL_Driver/Src/stm32f4xx_hal_flash_ramfunc.c 0x00000000   Number         0  stm32f4xx_hal_flash_ramfunc.o ABSOLUTE
    ../Drivers/STM32F4xx_HAL_Driver/Src/stm32f4xx_hal_gpio.c 0x00000000   Number         0  stm32f4xx_hal_gpio.o ABSOLUTE
    ../Drivers/STM32F4xx_HAL_Driver/Src/stm32f4xx_hal_pwr.c 0x00000000   Number         0  stm32f4xx_hal_pwr.o ABSOLUTE
    ../Drivers/STM32F4xx_HAL_Driver/Src/stm32f4xx_hal_pwr_ex.c 0x00000000   Number         0  stm32f4xx_hal_pwr_ex.o ABSOLUTE
    ../Drivers/STM32F4xx_HAL_Driver/Src/stm32f4xx_hal_rcc.c 0x00000000   Number         0  stm32f4xx_hal_rcc.o ABSOLUTE
    ../Drivers/STM32F4xx_HAL_Driver/Src/stm32f4xx_hal_rcc_ex.c 0x00000000   Number         0  stm32f4xx_hal_rcc_ex.o ABSOLUTE
    ../Drivers/STM32F4xx_HAL_Driver/Src/stm32f4xx_hal_tim.c 0x00000000   Number         0  stm32f4xx_hal_tim.o ABSOLUTE
    ../Drivers/STM32F4xx_HAL_Driver/Src/stm32f4xx_hal_tim_ex.c 0x00000000   Number         0  stm32f4xx_hal_tim_ex.o ABSOLUTE
    ../Drivers/STM32F4xx_HAL_Driver/Src/stm32f4xx_hal_uart.c 0x00000000   Number         0  stm32f4xx_hal_uart.o ABSOLUTE
    ../Middlewares/Third_Party/FreeRTOS/Source/CMSIS_RTOS/cmsis_os.c 0x00000000   Number         0  cmsis_os.o ABSOLUTE
    ../Middlewares/Third_Party/FreeRTOS/Source/croutine.c 0x00000000   Number         0  croutine.o ABSOLUTE
    ../Middlewares/Third_Party/FreeRTOS/Source/event_groups.c 0x00000000   Number         0  event_groups.o ABSOLUTE
    ../Middlewares/Third_Party/FreeRTOS/Source/list.c 0x00000000   Number         0  list.o ABSOLUTE
    ../Middlewares/Third_Party/FreeRTOS/Source/portable/MemMang/heap_4.c 0x00000000   Number         0  heap_4.o ABSOLUTE
    ../Middlewares/Third_Party/FreeRTOS/Source/portable/RVDS/ARM_CM4F/port.c 0x00000000   Number         0  port.o ABSOLUTE
    ../Middlewares/Third_Party/FreeRTOS/Source/queue.c 0x00000000   Number         0  queue.o ABSOLUTE
    ../Middlewares/Third_Party/FreeRTOS/Source/stream_buffer.c 0x00000000   Number         0  stream_buffer.o ABSOLUTE
    ../Middlewares/Third_Party/FreeRTOS/Source/tasks.c 0x00000000   Number         0  tasks.o ABSOLUTE
    ../Middlewares/Third_Party/FreeRTOS/Source/timers.c 0x00000000   Number         0  timers.o ABSOLUTE
    ../clib/../cmprslib/zerorunl2.c          0x00000000   Number         0  __dczerorl2.o ABSOLUTE
    ../clib/microlib/division.c              0x00000000   Number         0  uldiv.o ABSOLUTE
    ../clib/microlib/init/entry.s            0x00000000   Number         0  entry11b.o ABSOLUTE
    ../clib/microlib/init/entry.s            0x00000000   Number         0  entry11a.o ABSOLUTE
    ../clib/microlib/init/entry.s            0x00000000   Number         0  entry10b.o ABSOLUTE
    ../clib/microlib/init/entry.s            0x00000000   Number         0  entry5.o ABSOLUTE
    ../clib/microlib/init/entry.s            0x00000000   Number         0  entry10a.o ABSOLUTE
    ../clib/microlib/init/entry.s            0x00000000   Number         0  entry9b.o ABSOLUTE
    ../clib/microlib/init/entry.s            0x00000000   Number         0  entry9a.o ABSOLUTE
    ../clib/microlib/init/entry.s            0x00000000   Number         0  entry8b.o ABSOLUTE
    ../clib/microlib/init/entry.s            0x00000000   Number         0  entry8a.o ABSOLUTE
    ../clib/microlib/init/entry.s            0x00000000   Number         0  entry2.o ABSOLUTE
    ../clib/microlib/init/entry.s            0x00000000   Number         0  entry.o ABSOLUTE
    ../clib/microlib/init/entry.s            0x00000000   Number         0  entry7a.o ABSOLUTE
    ../clib/microlib/init/entry.s            0x00000000   Number         0  entry7b.o ABSOLUTE
    ../clib/microlib/longlong.c              0x00000000   Number         0  llshl.o ABSOLUTE
    ../clib/microlib/longlong.c              0x00000000   Number         0  llushr.o ABSOLUTE
    ../clib/microlib/string/memcpy.c         0x00000000   Number         0  memcpyb.o ABSOLUTE
    ../clib/microlib/string/memcpy.c         0x00000000   Number         0  memcpya.o ABSOLUTE
    ../clib/microlib/string/memset.c         0x00000000   Number         0  memseta.o ABSOLUTE
    ../clib/microlib/string/memset.c         0x00000000   Number         0  memset.o ABSOLUTE
    ../clib/microlib/string/strcmp.c         0x00000000   Number         0  strcmp.o ABSOLUTE
    ..\Abstract\Driver\UART_Deiver.c         0x00000000   Number         0  uart_deiver.o ABSOLUTE
    ..\Core\Src\freertos.c                   0x00000000   Number         0  freertos.o ABSOLUTE
    ..\Core\Src\gpio.c                       0x00000000   Number         0  gpio.o ABSOLUTE
    ..\Core\Src\main.c                       0x00000000   Number         0  main.o ABSOLUTE
    ..\Core\Src\stm32f4xx_hal_msp.c          0x00000000   Number         0  stm32f4xx_hal_msp.o ABSOLUTE
    ..\Core\Src\stm32f4xx_hal_timebase_tim.c 0x00000000   Number         0  stm32f4xx_hal_timebase_tim.o ABSOLUTE
    ..\Core\Src\stm32f4xx_it.c               0x00000000   Number         0  stm32f4xx_it.o ABSOLUTE
    ..\Core\Src\system_stm32f4xx.c           0x00000000   Number         0  system_stm32f4xx.o ABSOLUTE
    ..\Core\Src\tim.c                        0x00000000   Number         0  tim.o ABSOLUTE
    ..\Core\Src\usart.c                      0x00000000   Number         0  usart.o ABSOLUTE
    ..\Drivers\STM32F4xx_HAL_Driver\Src\stm32f4xx_hal.c 0x00000000   Number         0  stm32f4xx_hal.o ABSOLUTE
    ..\Drivers\STM32F4xx_HAL_Driver\Src\stm32f4xx_hal_cortex.c 0x00000000   Number         0  stm32f4xx_hal_cortex.o ABSOLUTE
    ..\Drivers\STM32F4xx_HAL_Driver\Src\stm32f4xx_hal_dma.c 0x00000000   Number         0  stm32f4xx_hal_dma.o ABSOLUTE
    ..\Drivers\STM32F4xx_HAL_Driver\Src\stm32f4xx_hal_dma_ex.c 0x00000000   Number         0  stm32f4xx_hal_dma_ex.o ABSOLUTE
    ..\Drivers\STM32F4xx_HAL_Driver\Src\stm32f4xx_hal_exti.c 0x00000000   Number         0  stm32f4xx_hal_exti.o ABSOLUTE
    ..\Drivers\STM32F4xx_HAL_Driver\Src\stm32f4xx_hal_flash.c 0x00000000   Number         0  stm32f4xx_hal_flash.o ABSOLUTE
    ..\Drivers\STM32F4xx_HAL_Driver\Src\stm32f4xx_hal_flash_ex.c 0x00000000   Number         0  stm32f4xx_hal_flash_ex.o ABSOLUTE
    ..\Drivers\STM32F4xx_HAL_Driver\Src\stm32f4xx_hal_flash_ramfunc.c 0x00000000   Number         0  stm32f4xx_hal_flash_ramfunc.o ABSOLUTE
    ..\Drivers\STM32F4xx_HAL_Driver\Src\stm32f4xx_hal_gpio.c 0x00000000   Number         0  stm32f4xx_hal_gpio.o ABSOLUTE
    ..\Drivers\STM32F4xx_HAL_Driver\Src\stm32f4xx_hal_pwr.c 0x00000000   Number         0  stm32f4xx_hal_pwr.o ABSOLUTE
    ..\Drivers\STM32F4xx_HAL_Driver\Src\stm32f4xx_hal_pwr_ex.c 0x00000000   Number         0  stm32f4xx_hal_pwr_ex.o ABSOLUTE
    ..\Drivers\STM32F4xx_HAL_Driver\Src\stm32f4xx_hal_rcc.c 0x00000000   Number         0  stm32f4xx_hal_rcc.o ABSOLUTE
    ..\Drivers\STM32F4xx_HAL_Driver\Src\stm32f4xx_hal_rcc_ex.c 0x00000000   Number         0  stm32f4xx_hal_rcc_ex.o ABSOLUTE
    ..\Drivers\STM32F4xx_HAL_Driver\Src\stm32f4xx_hal_tim.c 0x00000000   Number         0  stm32f4xx_hal_tim.o ABSOLUTE
    ..\Drivers\STM32F4xx_HAL_Driver\Src\stm32f4xx_hal_tim_ex.c 0x00000000   Number         0  stm32f4xx_hal_tim_ex.o ABSOLUTE
    ..\Drivers\STM32F4xx_HAL_Driver\Src\stm32f4xx_hal_uart.c 0x00000000   Number         0  stm32f4xx_hal_uart.o ABSOLUTE
    ..\Middlewares\Third_Party\FreeRTOS\Source\CMSIS_RTOS\cmsis_os.c 0x00000000   Number         0  cmsis_os.o ABSOLUTE
    ..\Middlewares\Third_Party\FreeRTOS\Source\portable\RVDS\ARM_CM4F\port.c 0x00000000   Number         0  port.o ABSOLUTE
    ..\User\Scr\ModBus_Rtu.c                 0x00000000   Number         0  modbus_rtu.o ABSOLUTE
    ..\User\Scr\Modbus_Data.c                0x00000000   Number         0  modbus_data.o ABSOLUTE
    ..\\Abstract\\Driver\\UART_Deiver.c      0x00000000   Number         0  uart_deiver.o ABSOLUTE
    ..\\User\\Scr\\ModBus_Rtu.c              0x00000000   Number         0  modbus_rtu.o ABSOLUTE
    ..\\User\\Scr\\Modbus_Data.c             0x00000000   Number         0  modbus_data.o ABSOLUTE
    dc.s                                     0x00000000   Number         0  dc.o ABSOLUTE
    handlers.s                               0x00000000   Number         0  handlers.o ABSOLUTE
    init.s                                   0x00000000   Number         0  init.o ABSOLUTE
    startup_stm32f407xx.s                    0x00000000   Number         0  startup_stm32f407xx.o ABSOLUTE
    RESET                                    0x08000000   Section      392  startup_stm32f407xx.o(RESET)
    .ARM.Collect$$$$00000000                 0x08000188   Section        0  entry.o(.ARM.Collect$$$$00000000)
    .ARM.Collect$$$$00000001                 0x08000188   Section        4  entry2.o(.ARM.Collect$$$$00000001)
    .ARM.Collect$$$$00000004                 0x0800018c   Section        4  entry5.o(.ARM.Collect$$$$00000004)
    .ARM.Collect$$$$00000008                 0x08000190   Section        0  entry7b.o(.ARM.Collect$$$$00000008)
    .ARM.Collect$$$$0000000A                 0x08000190   Section        0  entry8b.o(.ARM.Collect$$$$0000000A)
    .ARM.Collect$$$$0000000B                 0x08000190   Section        8  entry9a.o(.ARM.Collect$$$$0000000B)
    .ARM.Collect$$$$0000000D                 0x08000198   Section        0  entry10a.o(.ARM.Collect$$$$0000000D)
    .ARM.Collect$$$$0000000F                 0x08000198   Section        0  entry11a.o(.ARM.Collect$$$$0000000F)
    .ARM.Collect$$$$00002712                 0x08000198   Section        4  entry2.o(.ARM.Collect$$$$00002712)
    __lit__00000000                          0x08000198   Data           4  entry2.o(.ARM.Collect$$$$00002712)
    .emb_text                                0x0800019c   Section      190  port.o(.emb_text)
    $v0                                      0x0800019c   Number         0  port.o(.emb_text)
    .text                                    0x0800025c   Section       36  startup_stm32f407xx.o(.text)
    $v0                                      0x0800025c   Number         0  startup_stm32f407xx.o(.text)
    .text                                    0x08000280   Section        0  uldiv.o(.text)
    .text                                    0x080002e2   Section        0  memcpya.o(.text)
    .text                                    0x08000306   Section        0  memseta.o(.text)
    .text                                    0x0800032a   Section        0  strcmp.o(.text)
    .text                                    0x08000346   Section        0  llshl.o(.text)
    .text                                    0x08000364   Section        0  llushr.o(.text)
    .text                                    0x08000384   Section       36  init.o(.text)
    .text                                    0x080003a8   Section        0  __dczerorl2.o(.text)
    i.App_ControlTask                        0x08000400   Section        0  main.o(i.App_ControlTask)
    i.BusFault_Handler                       0x08000424   Section        0  stm32f4xx_it.o(i.BusFault_Handler)
    i.DebugMon_Handler                       0x08000426   Section        0  stm32f4xx_it.o(i.DebugMon_Handler)
    i.Error_Handler                          0x08000428   Section        0  main.o(i.Error_Handler)
    i.GetUARTDevice                          0x0800042c   Section        0  uart_deiver.o(i.GetUARTDevice)
    i.HAL_DMA_Abort                          0x08000458   Section        0  stm32f4xx_hal_dma.o(i.HAL_DMA_Abort)
    i.HAL_DMA_Abort_IT                       0x080004e6   Section        0  stm32f4xx_hal_dma.o(i.HAL_DMA_Abort_IT)
    i.HAL_DMA_GetError                       0x0800050a   Section        0  stm32f4xx_hal_dma.o(i.HAL_DMA_GetError)
    i.HAL_GPIO_Init                          0x08000510   Section        0  stm32f4xx_hal_gpio.o(i.HAL_GPIO_Init)
    i.HAL_GPIO_WritePin                      0x080006c8   Section        0  stm32f4xx_hal_gpio.o(i.HAL_GPIO_WritePin)
    i.HAL_GetTick                            0x080006d4   Section        0  stm32f4xx_hal.o(i.HAL_GetTick)
    i.HAL_IncTick                            0x080006e0   Section        0  stm32f4xx_hal.o(i.HAL_IncTick)
    i.HAL_Init                               0x080006f0   Section        0  stm32f4xx_hal.o(i.HAL_Init)
    i.HAL_InitTick                           0x08000724   Section        0  stm32f4xx_hal_timebase_tim.o(i.HAL_InitTick)
    i.HAL_MspInit                            0x08000798   Section        0  stm32f4xx_hal_msp.o(i.HAL_MspInit)
    i.HAL_NVIC_EnableIRQ                     0x080007d0   Section        0  stm32f4xx_hal_cortex.o(i.HAL_NVIC_EnableIRQ)
    i.HAL_NVIC_SetPriority                   0x080007ec   Section        0  stm32f4xx_hal_cortex.o(i.HAL_NVIC_SetPriority)
    i.HAL_NVIC_SetPriorityGrouping           0x0800082c   Section        0  stm32f4xx_hal_cortex.o(i.HAL_NVIC_SetPriorityGrouping)
    i.HAL_RCC_ClockConfig                    0x08000850   Section        0  stm32f4xx_hal_rcc.o(i.HAL_RCC_ClockConfig)
    i.HAL_RCC_GetClockConfig                 0x08000984   Section        0  stm32f4xx_hal_rcc.o(i.HAL_RCC_GetClockConfig)
    i.HAL_RCC_GetPCLK1Freq                   0x080009c4   Section        0  stm32f4xx_hal_rcc.o(i.HAL_RCC_GetPCLK1Freq)
    i.HAL_RCC_GetPCLK2Freq                   0x080009e4   Section        0  stm32f4xx_hal_rcc.o(i.HAL_RCC_GetPCLK2Freq)
    i.HAL_RCC_GetSysClockFreq                0x08000a04   Section        0  stm32f4xx_hal_rcc.o(i.HAL_RCC_GetSysClockFreq)
    i.HAL_RCC_OscConfig                      0x08000a68   Section        0  stm32f4xx_hal_rcc.o(i.HAL_RCC_OscConfig)
    i.HAL_TIMEx_BreakCallback                0x08000dc4   Section        0  stm32f4xx_hal_tim_ex.o(i.HAL_TIMEx_BreakCallback)
    i.HAL_TIMEx_CommutCallback               0x08000dc6   Section        0  stm32f4xx_hal_tim_ex.o(i.HAL_TIMEx_CommutCallback)
    i.HAL_TIMEx_MasterConfigSynchronization  0x08000dc8   Section        0  stm32f4xx_hal_tim_ex.o(i.HAL_TIMEx_MasterConfigSynchronization)
    i.HAL_TIM_Base_Init                      0x08000e58   Section        0  stm32f4xx_hal_tim.o(i.HAL_TIM_Base_Init)
    i.HAL_TIM_Base_MspInit                   0x08000e90   Section        0  tim.o(i.HAL_TIM_Base_MspInit)
    i.HAL_TIM_Base_Start_IT                  0x08000ecc   Section        0  stm32f4xx_hal_tim.o(i.HAL_TIM_Base_Start_IT)
    i.HAL_TIM_Base_Stop_IT                   0x08000eee   Section        0  stm32f4xx_hal_tim.o(i.HAL_TIM_Base_Stop_IT)
    i.HAL_TIM_IC_CaptureCallback             0x08000f18   Section        0  stm32f4xx_hal_tim.o(i.HAL_TIM_IC_CaptureCallback)
    i.HAL_TIM_IRQHandler                     0x08000f1a   Section        0  stm32f4xx_hal_tim.o(i.HAL_TIM_IRQHandler)
    i.HAL_TIM_OC_DelayElapsedCallback        0x08001080   Section        0  stm32f4xx_hal_tim.o(i.HAL_TIM_OC_DelayElapsedCallback)
    i.HAL_TIM_PWM_PulseFinishedCallback      0x08001082   Section        0  stm32f4xx_hal_tim.o(i.HAL_TIM_PWM_PulseFinishedCallback)
    i.HAL_TIM_PeriodElapsedCallback          0x08001084   Section        0  modbus_rtu.o(i.HAL_TIM_PeriodElapsedCallback)
    i.HAL_TIM_TriggerCallback                0x08001104   Section        0  stm32f4xx_hal_tim.o(i.HAL_TIM_TriggerCallback)
    i.HAL_UART_AbortReceive                  0x08001106   Section        0  stm32f4xx_hal_uart.o(i.HAL_UART_AbortReceive)
    i.HAL_UART_AbortReceiveCpltCallback      0x0800115e   Section        0  stm32f4xx_hal_uart.o(i.HAL_UART_AbortReceiveCpltCallback)
    i.HAL_UART_AbortReceive_IT               0x08001160   Section        0  stm32f4xx_hal_uart.o(i.HAL_UART_AbortReceive_IT)
    i.HAL_UART_ErrorCallback                 0x080011bc   Section        0  modbus_rtu.o(i.HAL_UART_ErrorCallback)
    i.HAL_UART_IRQHandler                    0x08001210   Section        0  stm32f4xx_hal_uart.o(i.HAL_UART_IRQHandler)
    i.HAL_UART_Init                          0x08001324   Section        0  stm32f4xx_hal_uart.o(i.HAL_UART_Init)
    i.HAL_UART_MspInit                       0x08001388   Section        0  usart.o(i.HAL_UART_MspInit)
    i.HAL_UART_Receive                       0x08001404   Section        0  stm32f4xx_hal_uart.o(i.HAL_UART_Receive)
    i.HAL_UART_Receive_IT                    0x080014c2   Section        0  stm32f4xx_hal_uart.o(i.HAL_UART_Receive_IT)
    i.HAL_UART_RxCpltCallback                0x08001514   Section        0  modbus_rtu.o(i.HAL_UART_RxCpltCallback)
    i.HAL_UART_Transmit                      0x080015a4   Section        0  stm32f4xx_hal_uart.o(i.HAL_UART_Transmit)
    i.HAL_UART_Transmit_IT                   0x0800165e   Section        0  stm32f4xx_hal_uart.o(i.HAL_UART_Transmit_IT)
    i.HAL_UART_TxCpltCallback                0x0800169c   Section        0  modbus_rtu.o(i.HAL_UART_TxCpltCallback)
    i.HardFault_Handler                      0x080016dc   Section        0  stm32f4xx_it.o(i.HardFault_Handler)
    i.MX_FREERTOS_Init                       0x080016e0   Section        0  freertos.o(i.MX_FREERTOS_Init)
    i.MX_GPIO_Init                           0x08001708   Section        0  gpio.o(i.MX_GPIO_Init)
    i.MX_TIM7_Init                           0x08001764   Section        0  tim.o(i.MX_TIM7_Init)
    i.MX_USART1_UART_Init                    0x080017ac   Section        0  usart.o(i.MX_USART1_UART_Init)
    i.MemManage_Handler                      0x080017e8   Section        0  stm32f4xx_it.o(i.MemManage_Handler)
    i.Modbus_Dispatch                        0x080017ec   Section        0  modbus_rtu.o(i.Modbus_Dispatch)
    Modbus_Dispatch                          0x080017ed   Thumb Code   256  modbus_rtu.o(i.Modbus_Dispatch)
    i.Modbus_Init                            0x080018f0   Section        0  modbus_rtu.o(i.Modbus_Init)
    i.Modbus_Receive                         0x0800195c   Section        0  modbus_rtu.o(i.Modbus_Receive)
    i.Modbus_Reply_Bits                      0x080019da   Section        0  modbus_rtu.o(i.Modbus_Reply_Bits)
    Modbus_Reply_Bits                        0x080019db   Thumb Code   240  modbus_rtu.o(i.Modbus_Reply_Bits)
    i.Modbus_Reply_Registers                 0x08001acc   Section        0  modbus_rtu.o(i.Modbus_Reply_Registers)
    Modbus_Reply_Registers                   0x08001acd   Thumb Code   202  modbus_rtu.o(i.Modbus_Reply_Registers)
    i.Modbus_Send_Echo                       0x08001b96   Section        0  modbus_rtu.o(i.Modbus_Send_Echo)
    Modbus_Send_Echo                         0x08001b97   Thumb Code    98  modbus_rtu.o(i.Modbus_Send_Echo)
    i.Modbus_Test                            0x08001bf8   Section        0  main.o(i.Modbus_Test)
    i.Modbus_Write_Bits                      0x08001c24   Section        0  modbus_rtu.o(i.Modbus_Write_Bits)
    Modbus_Write_Bits                        0x08001c25   Thumb Code   110  modbus_rtu.o(i.Modbus_Write_Bits)
    i.NMI_Handler                            0x08001c98   Section        0  stm32f4xx_it.o(i.NMI_Handler)
    i.Send_Exception                         0x08001c9a   Section        0  modbus_rtu.o(i.Send_Exception)
    Send_Exception                           0x08001c9b   Thumb Code    86  modbus_rtu.o(i.Send_Exception)
    i.StartDefaultTask                       0x08001cf0   Section        0  freertos.o(i.StartDefaultTask)
    i.SysTick_Handler                        0x08001cf8   Section        0  port.o(i.SysTick_Handler)
    i.SystemClock_Config                     0x08001d24   Section        0  main.o(i.SystemClock_Config)
    i.SystemInit                             0x08001db8   Section        0  system_stm32f4xx.o(i.SystemInit)
    i.TIM6_DAC_IRQHandler                    0x08001dd4   Section        0  stm32f4xx_it.o(i.TIM6_DAC_IRQHandler)
    i.TIM7_IRQHandler                        0x08001de0   Section        0  stm32f4xx_it.o(i.TIM7_IRQHandler)
    i.TIM_Base_SetConfig                     0x08001dec   Section        0  stm32f4xx_hal_tim.o(i.TIM_Base_SetConfig)
    i.UART_DMAAbortOnError                   0x08001eb4   Section        0  stm32f4xx_hal_uart.o(i.UART_DMAAbortOnError)
    UART_DMAAbortOnError                     0x08001eb5   Thumb Code    16  stm32f4xx_hal_uart.o(i.UART_DMAAbortOnError)
    i.UART_DMARxOnlyAbortCallback            0x08001ec4   Section        0  stm32f4xx_hal_uart.o(i.UART_DMARxOnlyAbortCallback)
    UART_DMARxOnlyAbortCallback              0x08001ec5   Thumb Code    20  stm32f4xx_hal_uart.o(i.UART_DMARxOnlyAbortCallback)
    i.UART_EndRxTransfer                     0x08001ed8   Section        0  stm32f4xx_hal_uart.o(i.UART_EndRxTransfer)
    UART_EndRxTransfer                       0x08001ed9   Thumb Code    28  stm32f4xx_hal_uart.o(i.UART_EndRxTransfer)
    i.UART_Receive_IT                        0x08001ef4   Section        0  stm32f4xx_hal_uart.o(i.UART_Receive_IT)
    UART_Receive_IT                          0x08001ef5   Thumb Code   150  stm32f4xx_hal_uart.o(i.UART_Receive_IT)
    i.UART_SetConfig                         0x08001f8c   Section        0  stm32f4xx_hal_uart.o(i.UART_SetConfig)
    UART_SetConfig                           0x08001f8d   Thumb Code   286  stm32f4xx_hal_uart.o(i.UART_SetConfig)
    i.UART_Transmit_IT                       0x080020b4   Section        0  stm32f4xx_hal_uart.o(i.UART_Transmit_IT)
    UART_Transmit_IT                         0x080020b5   Thumb Code    98  stm32f4xx_hal_uart.o(i.UART_Transmit_IT)
    i.UART_WaitOnFlagUntilTimeout            0x08002116   Section        0  stm32f4xx_hal_uart.o(i.UART_WaitOnFlagUntilTimeout)
    UART_WaitOnFlagUntilTimeout              0x08002117   Thumb Code   100  stm32f4xx_hal_uart.o(i.UART_WaitOnFlagUntilTimeout)
    i.USART1_IRQHandler                      0x0800217c   Section        0  stm32f4xx_it.o(i.USART1_IRQHandler)
    i.UsageFault_Handler                     0x08002188   Section        0  stm32f4xx_it.o(i.UsageFault_Handler)
    i.__NVIC_SetPriority                     0x0800218a   Section        0  stm32f4xx_hal_cortex.o(i.__NVIC_SetPriority)
    __NVIC_SetPriority                       0x0800218b   Thumb Code    32  stm32f4xx_hal_cortex.o(i.__NVIC_SetPriority)
    i.__scatterload_copy                     0x080021aa   Section       14  handlers.o(i.__scatterload_copy)
    i.__scatterload_null                     0x080021b8   Section        2  handlers.o(i.__scatterload_null)
    i.__scatterload_zeroinit                 0x080021ba   Section       14  handlers.o(i.__scatterload_zeroinit)
    i.crc16                                  0x080021c8   Section        0  modbus_data.o(i.crc16)
    i.get_modbus_from_uart                   0x080021f4   Section        0  modbus_rtu.o(i.get_modbus_from_uart)
    get_modbus_from_uart                     0x080021f5   Thumb Code    38  modbus_rtu.o(i.get_modbus_from_uart)
    i.main                                   0x08002220   Section        0  main.o(i.main)
    i.makeFreeRtosPriority                   0x08002280   Section        0  cmsis_os.o(i.makeFreeRtosPriority)
    makeFreeRtosPriority                     0x08002281   Thumb Code    12  cmsis_os.o(i.makeFreeRtosPriority)
    i.osDelay                                0x0800228c   Section        0  cmsis_os.o(i.osDelay)
    i.osKernelStart                          0x0800229a   Section        0  cmsis_os.o(i.osKernelStart)
    i.osThreadCreate                         0x080022a4   Section        0  cmsis_os.o(i.osThreadCreate)
    i.prvAddCurrentTaskToDelayedList         0x080022f8   Section        0  tasks.o(i.prvAddCurrentTaskToDelayedList)
    prvAddCurrentTaskToDelayedList           0x080022f9   Thumb Code   102  tasks.o(i.prvAddCurrentTaskToDelayedList)
    i.prvAddNewTaskToReadyList               0x08002368   Section        0  tasks.o(i.prvAddNewTaskToReadyList)
    prvAddNewTaskToReadyList                 0x08002369   Thumb Code   194  tasks.o(i.prvAddNewTaskToReadyList)
    i.prvDeleteTCB                           0x08002438   Section        0  tasks.o(i.prvDeleteTCB)
    prvDeleteTCB                             0x08002439   Thumb Code    52  tasks.o(i.prvDeleteTCB)
    i.prvHeapInit                            0x0800246c   Section        0  heap_4.o(i.prvHeapInit)
    prvHeapInit                              0x0800246d   Thumb Code    66  heap_4.o(i.prvHeapInit)
    i.prvIdleTask                            0x080024b8   Section        0  tasks.o(i.prvIdleTask)
    prvIdleTask                              0x080024b9   Thumb Code    82  tasks.o(i.prvIdleTask)
    i.prvInitialiseNewQueue                  0x08002518   Section        0  queue.o(i.prvInitialiseNewQueue)
    prvInitialiseNewQueue                    0x08002519   Thumb Code    22  queue.o(i.prvInitialiseNewQueue)
    i.prvInitialiseNewTask                   0x0800252e   Section        0  tasks.o(i.prvInitialiseNewTask)
    prvInitialiseNewTask                     0x0800252f   Thumb Code   152  tasks.o(i.prvInitialiseNewTask)
    i.prvInsertBlockIntoFreeList             0x080025c8   Section        0  heap_4.o(i.prvInsertBlockIntoFreeList)
    prvInsertBlockIntoFreeList               0x080025c9   Thumb Code    72  heap_4.o(i.prvInsertBlockIntoFreeList)
    i.prvIsQueueEmpty                        0x08002614   Section        0  queue.o(i.prvIsQueueEmpty)
    prvIsQueueEmpty                          0x08002615   Thumb Code    28  queue.o(i.prvIsQueueEmpty)
    i.prvResetNextTaskUnblockTime            0x08002630   Section        0  tasks.o(i.prvResetNextTaskUnblockTime)
    prvResetNextTaskUnblockTime              0x08002631   Thumb Code    26  tasks.o(i.prvResetNextTaskUnblockTime)
    i.prvTaskExitError                       0x08002650   Section        0  port.o(i.prvTaskExitError)
    prvTaskExitError                         0x08002651   Thumb Code    36  port.o(i.prvTaskExitError)
    i.prvUnlockQueue                         0x08002678   Section        0  queue.o(i.prvUnlockQueue)
    prvUnlockQueue                           0x08002679   Thumb Code   106  queue.o(i.prvUnlockQueue)
    i.pvPortMalloc                           0x080026e4   Section        0  heap_4.o(i.pvPortMalloc)
    i.pvTaskIncrementMutexHeldCount          0x080027bc   Section        0  tasks.o(i.pvTaskIncrementMutexHeldCount)
    i.pxPortInitialiseStack                  0x080027d4   Section        0  port.o(i.pxPortInitialiseStack)
    i.uart_flush                             0x08002800   Section        0  uart_deiver.o(i.uart_flush)
    uart_flush                               0x08002801   Thumb Code     4  uart_deiver.o(i.uart_flush)
    i.uart_init                              0x08002804   Section        0  uart_deiver.o(i.uart_init)
    uart_init                                0x08002805   Thumb Code     4  uart_deiver.o(i.uart_init)
    i.uart_recv                              0x08002808   Section        0  uart_deiver.o(i.uart_recv)
    uart_recv                                0x08002809   Thumb Code    20  uart_deiver.o(i.uart_recv)
    i.uart_recv_it                           0x0800281c   Section        0  uart_deiver.o(i.uart_recv_it)
    uart_recv_it                             0x0800281d   Thumb Code    20  uart_deiver.o(i.uart_recv_it)
    i.uart_send                              0x08002830   Section        0  uart_deiver.o(i.uart_send)
    uart_send                                0x08002831   Thumb Code    20  uart_deiver.o(i.uart_send)
    i.uart_send_it                           0x08002844   Section        0  uart_deiver.o(i.uart_send_it)
    uart_send_it                             0x08002845   Thumb Code    20  uart_deiver.o(i.uart_send_it)
    i.uxListRemove                           0x08002858   Section        0  list.o(i.uxListRemove)
    i.vApplicationGetIdleTaskMemory          0x08002880   Section        0  freertos.o(i.vApplicationGetIdleTaskMemory)
    i.vListInitialise                        0x08002894   Section        0  list.o(i.vListInitialise)
    i.vListInitialiseItem                    0x080028aa   Section        0  list.o(i.vListInitialiseItem)
    i.vListInsert                            0x080028b0   Section        0  list.o(i.vListInsert)
    i.vListInsertEnd                         0x080028e0   Section        0  list.o(i.vListInsertEnd)
    i.vPortEnterCritical                     0x080028f8   Section        0  port.o(i.vPortEnterCritical)
    i.vPortExitCritical                      0x08002938   Section        0  port.o(i.vPortExitCritical)
    i.vPortFree                              0x08002960   Section        0  heap_4.o(i.vPortFree)
    i.vPortSetupTimerInterrupt               0x080029bc   Section        0  port.o(i.vPortSetupTimerInterrupt)
    i.vPortValidateInterruptPriority         0x080029e0   Section        0  port.o(i.vPortValidateInterruptPriority)
    i.vTaskDelay                             0x08002a34   Section        0  tasks.o(i.vTaskDelay)
    i.vTaskInternalSetTimeOutState           0x08002a80   Section        0  tasks.o(i.vTaskInternalSetTimeOutState)
    i.vTaskMissedYield                       0x08002a90   Section        0  tasks.o(i.vTaskMissedYield)
    i.vTaskPlaceOnEventList                  0x08002a9c   Section        0  tasks.o(i.vTaskPlaceOnEventList)
    i.vTaskPriorityDisinheritAfterTimeout    0x08002acc   Section        0  tasks.o(i.vTaskPriorityDisinheritAfterTimeout)
    i.vTaskStartScheduler                    0x08002b74   Section        0  tasks.o(i.vTaskStartScheduler)
    i.vTaskSuspendAll                        0x08002be0   Section        0  tasks.o(i.vTaskSuspendAll)
    i.vTaskSwitchContext                     0x08002bf0   Section        0  tasks.o(i.vTaskSwitchContext)
    i.xPortStartScheduler                    0x08002c4c   Section        0  port.o(i.xPortStartScheduler)
    i.xQueueGenericCreate                    0x08002d40   Section        0  queue.o(i.xQueueGenericCreate)
    i.xQueueGenericReset                     0x08002d88   Section        0  queue.o(i.xQueueGenericReset)
    i.xQueueGiveFromISR                      0x08002e10   Section        0  queue.o(i.xQueueGiveFromISR)
    i.xQueueSemaphoreTake                    0x08002eac   Section        0  queue.o(i.xQueueSemaphoreTake)
    i.xTaskCheckForTimeOut                   0x08003024   Section        0  tasks.o(i.xTaskCheckForTimeOut)
    i.xTaskCreate                            0x08003098   Section        0  tasks.o(i.xTaskCreate)
    i.xTaskCreateStatic                      0x080030f2   Section        0  tasks.o(i.xTaskCreateStatic)
    i.xTaskGetSchedulerState                 0x08003148   Section        0  tasks.o(i.xTaskGetSchedulerState)
    i.xTaskIncrementTick                     0x08003164   Section        0  tasks.o(i.xTaskIncrementTick)
    i.xTaskPriorityInherit                   0x0800322c   Section        0  tasks.o(i.xTaskPriorityInherit)
    i.xTaskRemoveFromEventList               0x080032c0   Section        0  tasks.o(i.xTaskRemoveFromEventList)
    i.xTaskResumeAll                         0x08003334   Section        0  tasks.o(i.xTaskResumeAll)
    .constdata                               0x080033f8   Section       16  system_stm32f4xx.o(.constdata)
    .constdata                               0x08003408   Section        8  system_stm32f4xx.o(.constdata)
    .constdata                               0x08003410   Section       28  freertos.o(.constdata)
    .constdata                               0x0800342c   Section      512  modbus_data.o(.constdata)
    table_crc_hi                             0x0800342c   Data         256  modbus_data.o(.constdata)
    table_crc_lo                             0x0800352c   Data         256  modbus_data.o(.constdata)
    .conststring                             0x0800362c   Section       12  freertos.o(.conststring)
    .conststring                             0x08003638   Section        6  uart_deiver.o(.conststring)
    .conststring                             0x08003640   Section        9  uart_deiver.o(.conststring)
    .data                                    0x20000000   Section       12  stm32f4xx_hal.o(.data)
    .data                                    0x2000000c   Section        4  system_stm32f4xx.o(.data)
    .data                                    0x20000010   Section       60  tasks.o(.data)
    pxDelayedTaskList                        0x20000014   Data           4  tasks.o(.data)
    pxOverflowDelayedTaskList                0x20000018   Data           4  tasks.o(.data)
    uxDeletedTasksWaitingCleanUp             0x2000001c   Data           4  tasks.o(.data)
    uxCurrentNumberOfTasks                   0x20000020   Data           4  tasks.o(.data)
    xTickCount                               0x20000024   Data           4  tasks.o(.data)
    uxTopReadyPriority                       0x20000028   Data           4  tasks.o(.data)
    xSchedulerRunning                        0x2000002c   Data           4  tasks.o(.data)
    uxPendedTicks                            0x20000030   Data           4  tasks.o(.data)
    xYieldPending                            0x20000034   Data           4  tasks.o(.data)
    xNumOfOverflows                          0x20000038   Data           4  tasks.o(.data)
    uxTaskNumber                             0x2000003c   Data           4  tasks.o(.data)
    xNextTaskUnblockTime                     0x20000040   Data           4  tasks.o(.data)
    xIdleTaskHandle                          0x20000044   Data           4  tasks.o(.data)
    uxSchedulerSuspended                     0x20000048   Data           4  tasks.o(.data)
    .data                                    0x2000004c   Section       24  heap_4.o(.data)
    pxEnd                                    0x2000004c   Data           4  heap_4.o(.data)
    xFreeBytesRemaining                      0x20000050   Data           4  heap_4.o(.data)
    xMinimumEverFreeBytesRemaining           0x20000054   Data           4  heap_4.o(.data)
    xBlockAllocatedBit                       0x20000058   Data           4  heap_4.o(.data)
    xStart                                   0x2000005c   Data           8  heap_4.o(.data)
    .data                                    0x20000064   Section       12  port.o(.data)
    ucMaxSysCallPriority                     0x20000064   Data           1  port.o(.data)
    uxCriticalNesting                        0x20000068   Data           4  port.o(.data)
    ulMaxPRIGROUPValue                       0x2000006c   Data           4  port.o(.data)
    .data                                    0x20000070   Section        4  main.o(.data)
    .data                                    0x20000074   Section        4  freertos.o(.data)
    .data                                    0x20000078   Section       24  uart_deiver.o(.data)
    g_uart1_dev                              0x20000078   Data          24  uart_deiver.o(.data)
    .data                                    0x20000090   Section       24  uart_deiver.o(.data)
    g_uart1_it_dev                           0x20000090   Data          24  uart_deiver.o(.data)
    .data                                    0x200000a8   Section        8  uart_deiver.o(.data)
    g_uart_devices                           0x200000a8   Data           8  uart_deiver.o(.data)
    .data                                    0x200000b0   Section      280  modbus_rtu.o(.data)
    .data                                    0x200001c8   Section       16  modbus_rtu.o(.data)
    .data                                    0x200001d8   Section        8  modbus_rtu.o(.data)
    modbus_device                            0x200001d8   Data           8  modbus_rtu.o(.data)
    .bss                                     0x200001e0   Section      240  tasks.o(.bss)
    pxReadyTasksLists                        0x200001e0   Data         140  tasks.o(.bss)
    xDelayedTaskList1                        0x2000026c   Data          20  tasks.o(.bss)
    xDelayedTaskList2                        0x20000280   Data          20  tasks.o(.bss)
    xPendingReadyList                        0x20000294   Data          20  tasks.o(.bss)
    xTasksWaitingTermination                 0x200002a8   Data          20  tasks.o(.bss)
    xSuspendedTaskList                       0x200002bc   Data          20  tasks.o(.bss)
    .bss                                     0x200002d0   Section    15360  heap_4.o(.bss)
    ucHeap                                   0x200002d0   Data       15360  heap_4.o(.bss)
    .bss                                     0x20003ed0   Section      596  freertos.o(.bss)
    xIdleTaskTCBBuffer                       0x20003ed0   Data          84  freertos.o(.bss)
    xIdleStack                               0x20003f24   Data         512  freertos.o(.bss)
    .bss                                     0x20004124   Section       64  tim.o(.bss)
    .bss                                     0x20004164   Section       64  usart.o(.bss)
    .bss                                     0x200041a4   Section       64  stm32f4xx_hal_timebase_tim.o(.bss)
    .bss                                     0x200041e4   Section       60  modbus_rtu.o(.bss)
    STACK                                    0x20004220   Section     1024  startup_stm32f407xx.o(STACK)

    Global Symbols

    Symbol Name                              Value     Ov Type        Size  Object(Section)

    BuildAttributes$$THM_ISAv4$E$P$D$K$B$S$7EM$VFPi3$EXTD16$VFPS$VFMA$PE$A:L22UL41UL21$X:L11$S22US41US21$IEEE1$IW$USESV6$~STKCKD$USESV7$~SHL$OSPACE$EBA8$MICROLIB$REQ8$PRES8$EABIv2 0x00000000   Number         0  anon$$obj.o ABSOLUTE
    __ARM_use_no_argv                        0x00000000   Number         0  main.o ABSOLUTE
    __cpp_initialize__aeabi_                  - Undefined Weak Reference
    __cxa_finalize                            - Undefined Weak Reference
    _clock_init                               - Undefined Weak Reference
    _microlib_exit                            - Undefined Weak Reference
    __Vectors_Size                           0x00000188   Number         0  startup_stm32f407xx.o ABSOLUTE
    __Vectors                                0x08000000   Data           4  startup_stm32f407xx.o(RESET)
    __Vectors_End                            0x08000188   Data           0  startup_stm32f407xx.o(RESET)
    __main                                   0x08000189   Thumb Code     0  entry.o(.ARM.Collect$$$$00000000)
    _main_stk                                0x08000189   Thumb Code     0  entry2.o(.ARM.Collect$$$$00000001)
    _main_scatterload                        0x0800018d   Thumb Code     0  entry5.o(.ARM.Collect$$$$00000004)
    __main_after_scatterload                 0x08000191   Thumb Code     0  entry5.o(.ARM.Collect$$$$00000004)
    _main_clock                              0x08000191   Thumb Code     0  entry7b.o(.ARM.Collect$$$$00000008)
    _main_cpp_init                           0x08000191   Thumb Code     0  entry8b.o(.ARM.Collect$$$$0000000A)
    _main_init                               0x08000191   Thumb Code     0  entry9a.o(.ARM.Collect$$$$0000000B)
    __rt_final_cpp                           0x08000199   Thumb Code     0  entry10a.o(.ARM.Collect$$$$0000000D)
    __rt_final_exit                          0x08000199   Thumb Code     0  entry11a.o(.ARM.Collect$$$$0000000F)
    SVC_Handler                              0x0800019d   Thumb Code    28  port.o(.emb_text)
    __asm___6_port_c_39a90d8d__prvStartFirstTask 0x080001bd   Thumb Code    36  port.o(.emb_text)
    __asm___6_port_c_39a90d8d__prvEnableVFP  0x080001e5   Thumb Code    16  port.o(.emb_text)
    PendSV_Handler                           0x080001f9   Thumb Code    88  port.o(.emb_text)
    vPortGetIPSR                             0x08000255   Thumb Code     6  port.o(.emb_text)
    Reset_Handler                            0x0800025d   Thumb Code     8  startup_stm32f407xx.o(.text)
    ADC_IRQHandler                           0x08000277   Thumb Code     0  startup_stm32f407xx.o(.text)
    CAN1_RX0_IRQHandler                      0x08000277   Thumb Code     0  startup_stm32f407xx.o(.text)
    CAN1_RX1_IRQHandler                      0x08000277   Thumb Code     0  startup_stm32f407xx.o(.text)
    CAN1_SCE_IRQHandler                      0x08000277   Thumb Code     0  startup_stm32f407xx.o(.text)
    CAN1_TX_IRQHandler                       0x08000277   Thumb Code     0  startup_stm32f407xx.o(.text)
    CAN2_RX0_IRQHandler                      0x08000277   Thumb Code     0  startup_stm32f407xx.o(.text)
    CAN2_RX1_IRQHandler                      0x08000277   Thumb Code     0  startup_stm32f407xx.o(.text)
    CAN2_SCE_IRQHandler                      0x08000277   Thumb Code     0  startup_stm32f407xx.o(.text)
    CAN2_TX_IRQHandler                       0x08000277   Thumb Code     0  startup_stm32f407xx.o(.text)
    DCMI_IRQHandler                          0x08000277   Thumb Code     0  startup_stm32f407xx.o(.text)
    DMA1_Stream0_IRQHandler                  0x08000277   Thumb Code     0  startup_stm32f407xx.o(.text)
    DMA1_Stream1_IRQHandler                  0x08000277   Thumb Code     0  startup_stm32f407xx.o(.text)
    DMA1_Stream2_IRQHandler                  0x08000277   Thumb Code     0  startup_stm32f407xx.o(.text)
    DMA1_Stream3_IRQHandler                  0x08000277   Thumb Code     0  startup_stm32f407xx.o(.text)
    DMA1_Stream4_IRQHandler                  0x08000277   Thumb Code     0  startup_stm32f407xx.o(.text)
    DMA1_Stream5_IRQHandler                  0x08000277   Thumb Code     0  startup_stm32f407xx.o(.text)
    DMA1_Stream6_IRQHandler                  0x08000277   Thumb Code     0  startup_stm32f407xx.o(.text)
    DMA1_Stream7_IRQHandler                  0x08000277   Thumb Code     0  startup_stm32f407xx.o(.text)
    DMA2_Stream0_IRQHandler                  0x08000277   Thumb Code     0  startup_stm32f407xx.o(.text)
    DMA2_Stream1_IRQHandler                  0x08000277   Thumb Code     0  startup_stm32f407xx.o(.text)
    DMA2_Stream2_IRQHandler                  0x08000277   Thumb Code     0  startup_stm32f407xx.o(.text)
    DMA2_Stream3_IRQHandler                  0x08000277   Thumb Code     0  startup_stm32f407xx.o(.text)
    DMA2_Stream4_IRQHandler                  0x08000277   Thumb Code     0  startup_stm32f407xx.o(.text)
    DMA2_Stream5_IRQHandler                  0x08000277   Thumb Code     0  startup_stm32f407xx.o(.text)
    DMA2_Stream6_IRQHandler                  0x08000277   Thumb Code     0  startup_stm32f407xx.o(.text)
    DMA2_Stream7_IRQHandler                  0x08000277   Thumb Code     0  startup_stm32f407xx.o(.text)
    ETH_IRQHandler                           0x08000277   Thumb Code     0  startup_stm32f407xx.o(.text)
    ETH_WKUP_IRQHandler                      0x08000277   Thumb Code     0  startup_stm32f407xx.o(.text)
    EXTI0_IRQHandler                         0x08000277   Thumb Code     0  startup_stm32f407xx.o(.text)
    EXTI15_10_IRQHandler                     0x08000277   Thumb Code     0  startup_stm32f407xx.o(.text)
    EXTI1_IRQHandler                         0x08000277   Thumb Code     0  startup_stm32f407xx.o(.text)
    EXTI2_IRQHandler                         0x08000277   Thumb Code     0  startup_stm32f407xx.o(.text)
    EXTI3_IRQHandler                         0x08000277   Thumb Code     0  startup_stm32f407xx.o(.text)
    EXTI4_IRQHandler                         0x08000277   Thumb Code     0  startup_stm32f407xx.o(.text)
    EXTI9_5_IRQHandler                       0x08000277   Thumb Code     0  startup_stm32f407xx.o(.text)
    FLASH_IRQHandler                         0x08000277   Thumb Code     0  startup_stm32f407xx.o(.text)
    FMC_IRQHandler                           0x08000277   Thumb Code     0  startup_stm32f407xx.o(.text)
    FPU_IRQHandler                           0x08000277   Thumb Code     0  startup_stm32f407xx.o(.text)
    HASH_RNG_IRQHandler                      0x08000277   Thumb Code     0  startup_stm32f407xx.o(.text)
    I2C1_ER_IRQHandler                       0x08000277   Thumb Code     0  startup_stm32f407xx.o(.text)
    I2C1_EV_IRQHandler                       0x08000277   Thumb Code     0  startup_stm32f407xx.o(.text)
    I2C2_ER_IRQHandler                       0x08000277   Thumb Code     0  startup_stm32f407xx.o(.text)
    I2C2_EV_IRQHandler                       0x08000277   Thumb Code     0  startup_stm32f407xx.o(.text)
    I2C3_ER_IRQHandler                       0x08000277   Thumb Code     0  startup_stm32f407xx.o(.text)
    I2C3_EV_IRQHandler                       0x08000277   Thumb Code     0  startup_stm32f407xx.o(.text)
    OTG_FS_IRQHandler                        0x08000277   Thumb Code     0  startup_stm32f407xx.o(.text)
    OTG_FS_WKUP_IRQHandler                   0x08000277   Thumb Code     0  startup_stm32f407xx.o(.text)
    OTG_HS_EP1_IN_IRQHandler                 0x08000277   Thumb Code     0  startup_stm32f407xx.o(.text)
    OTG_HS_EP1_OUT_IRQHandler                0x08000277   Thumb Code     0  startup_stm32f407xx.o(.text)
    OTG_HS_IRQHandler                        0x08000277   Thumb Code     0  startup_stm32f407xx.o(.text)
    OTG_HS_WKUP_IRQHandler                   0x08000277   Thumb Code     0  startup_stm32f407xx.o(.text)
    PVD_IRQHandler                           0x08000277   Thumb Code     0  startup_stm32f407xx.o(.text)
    RCC_IRQHandler                           0x08000277   Thumb Code     0  startup_stm32f407xx.o(.text)
    RTC_Alarm_IRQHandler                     0x08000277   Thumb Code     0  startup_stm32f407xx.o(.text)
    RTC_WKUP_IRQHandler                      0x08000277   Thumb Code     0  startup_stm32f407xx.o(.text)
    SDIO_IRQHandler                          0x08000277   Thumb Code     0  startup_stm32f407xx.o(.text)
    SPI1_IRQHandler                          0x08000277   Thumb Code     0  startup_stm32f407xx.o(.text)
    SPI2_IRQHandler                          0x08000277   Thumb Code     0  startup_stm32f407xx.o(.text)
    SPI3_IRQHandler                          0x08000277   Thumb Code     0  startup_stm32f407xx.o(.text)
    TAMP_STAMP_IRQHandler                    0x08000277   Thumb Code     0  startup_stm32f407xx.o(.text)
    TIM1_BRK_TIM9_IRQHandler                 0x08000277   Thumb Code     0  startup_stm32f407xx.o(.text)
    TIM1_CC_IRQHandler                       0x08000277   Thumb Code     0  startup_stm32f407xx.o(.text)
    TIM1_TRG_COM_TIM11_IRQHandler            0x08000277   Thumb Code     0  startup_stm32f407xx.o(.text)
    TIM1_UP_TIM10_IRQHandler                 0x08000277   Thumb Code     0  startup_stm32f407xx.o(.text)
    TIM2_IRQHandler                          0x08000277   Thumb Code     0  startup_stm32f407xx.o(.text)
    TIM3_IRQHandler                          0x08000277   Thumb Code     0  startup_stm32f407xx.o(.text)
    TIM4_IRQHandler                          0x08000277   Thumb Code     0  startup_stm32f407xx.o(.text)
    TIM5_IRQHandler                          0x08000277   Thumb Code     0  startup_stm32f407xx.o(.text)
    TIM8_BRK_TIM12_IRQHandler                0x08000277   Thumb Code     0  startup_stm32f407xx.o(.text)
    TIM8_CC_IRQHandler                       0x08000277   Thumb Code     0  startup_stm32f407xx.o(.text)
    TIM8_TRG_COM_TIM14_IRQHandler            0x08000277   Thumb Code     0  startup_stm32f407xx.o(.text)
    TIM8_UP_TIM13_IRQHandler                 0x08000277   Thumb Code     0  startup_stm32f407xx.o(.text)
    UART4_IRQHandler                         0x08000277   Thumb Code     0  startup_stm32f407xx.o(.text)
    UART5_IRQHandler                         0x08000277   Thumb Code     0  startup_stm32f407xx.o(.text)
    USART2_IRQHandler                        0x08000277   Thumb Code     0  startup_stm32f407xx.o(.text)
    USART3_IRQHandler                        0x08000277   Thumb Code     0  startup_stm32f407xx.o(.text)
    USART6_IRQHandler                        0x08000277   Thumb Code     0  startup_stm32f407xx.o(.text)
    WWDG_IRQHandler                          0x08000277   Thumb Code     0  startup_stm32f407xx.o(.text)
    __aeabi_uldivmod                         0x08000281   Thumb Code    98  uldiv.o(.text)
    __aeabi_memcpy                           0x080002e3   Thumb Code    36  memcpya.o(.text)
    __aeabi_memcpy4                          0x080002e3   Thumb Code     0  memcpya.o(.text)
    __aeabi_memcpy8                          0x080002e3   Thumb Code     0  memcpya.o(.text)
    __aeabi_memset                           0x08000307   Thumb Code    14  memseta.o(.text)
    __aeabi_memset4                          0x08000307   Thumb Code     0  memseta.o(.text)
    __aeabi_memset8                          0x08000307   Thumb Code     0  memseta.o(.text)
    __aeabi_memclr                           0x08000315   Thumb Code     4  memseta.o(.text)
    __aeabi_memclr4                          0x08000315   Thumb Code     0  memseta.o(.text)
    __aeabi_memclr8                          0x08000315   Thumb Code     0  memseta.o(.text)
    memset                                   0x08000319   Thumb Code    18  memseta.o(.text)
    strcmp                                   0x0800032b   Thumb Code    28  strcmp.o(.text)
    __aeabi_llsl                             0x08000347   Thumb Code    30  llshl.o(.text)
    _ll_shift_l                              0x08000347   Thumb Code     0  llshl.o(.text)
    __aeabi_llsr                             0x08000365   Thumb Code    32  llushr.o(.text)
    _ll_ushift_r                             0x08000365   Thumb Code     0  llushr.o(.text)
    __scatterload                            0x08000385   Thumb Code    28  init.o(.text)
    __scatterload_rt2                        0x08000385   Thumb Code     0  init.o(.text)
    __decompress                             0x080003a9   Thumb Code     0  __dczerorl2.o(.text)
    __decompress1                            0x080003a9   Thumb Code    86  __dczerorl2.o(.text)
    App_ControlTask                          0x08000401   Thumb Code    26  main.o(i.App_ControlTask)
    BusFault_Handler                         0x08000425   Thumb Code     2  stm32f4xx_it.o(i.BusFault_Handler)
    DebugMon_Handler                         0x08000427   Thumb Code     2  stm32f4xx_it.o(i.DebugMon_Handler)
    Error_Handler                            0x08000429   Thumb Code     4  main.o(i.Error_Handler)
    GetUARTDevice                            0x0800042d   Thumb Code    38  uart_deiver.o(i.GetUARTDevice)
    HAL_DMA_Abort                            0x08000459   Thumb Code   142  stm32f4xx_hal_dma.o(i.HAL_DMA_Abort)
    HAL_DMA_Abort_IT                         0x080004e7   Thumb Code    36  stm32f4xx_hal_dma.o(i.HAL_DMA_Abort_IT)
    HAL_DMA_GetError                         0x0800050b   Thumb Code     4  stm32f4xx_hal_dma.o(i.HAL_DMA_GetError)
    HAL_GPIO_Init                            0x08000511   Thumb Code   394  stm32f4xx_hal_gpio.o(i.HAL_GPIO_Init)
    HAL_GPIO_WritePin                        0x080006c9   Thumb Code    10  stm32f4xx_hal_gpio.o(i.HAL_GPIO_WritePin)
    HAL_GetTick                              0x080006d5   Thumb Code     6  stm32f4xx_hal.o(i.HAL_GetTick)
    HAL_IncTick                              0x080006e1   Thumb Code    12  stm32f4xx_hal.o(i.HAL_IncTick)
    HAL_Init                                 0x080006f1   Thumb Code    48  stm32f4xx_hal.o(i.HAL_Init)
    HAL_InitTick                             0x08000725   Thumb Code   100  stm32f4xx_hal_timebase_tim.o(i.HAL_InitTick)
    HAL_MspInit                              0x08000799   Thumb Code    52  stm32f4xx_hal_msp.o(i.HAL_MspInit)
    HAL_NVIC_EnableIRQ                       0x080007d1   Thumb Code    26  stm32f4xx_hal_cortex.o(i.HAL_NVIC_EnableIRQ)
    HAL_NVIC_SetPriority                     0x080007ed   Thumb Code    60  stm32f4xx_hal_cortex.o(i.HAL_NVIC_SetPriority)
    HAL_NVIC_SetPriorityGrouping             0x0800082d   Thumb Code    26  stm32f4xx_hal_cortex.o(i.HAL_NVIC_SetPriorityGrouping)
    HAL_RCC_ClockConfig                      0x08000851   Thumb Code   288  stm32f4xx_hal_rcc.o(i.HAL_RCC_ClockConfig)
    HAL_RCC_GetClockConfig                   0x08000985   Thumb Code    54  stm32f4xx_hal_rcc.o(i.HAL_RCC_GetClockConfig)
    HAL_RCC_GetPCLK1Freq                     0x080009c5   Thumb Code    20  stm32f4xx_hal_rcc.o(i.HAL_RCC_GetPCLK1Freq)
    HAL_RCC_GetPCLK2Freq                     0x080009e5   Thumb Code    20  stm32f4xx_hal_rcc.o(i.HAL_RCC_GetPCLK2Freq)
    HAL_RCC_GetSysClockFreq                  0x08000a05   Thumb Code    88  stm32f4xx_hal_rcc.o(i.HAL_RCC_GetSysClockFreq)
    HAL_RCC_OscConfig                        0x08000a69   Thumb Code   840  stm32f4xx_hal_rcc.o(i.HAL_RCC_OscConfig)
    HAL_TIMEx_BreakCallback                  0x08000dc5   Thumb Code     2  stm32f4xx_hal_tim_ex.o(i.HAL_TIMEx_BreakCallback)
    HAL_TIMEx_CommutCallback                 0x08000dc7   Thumb Code     2  stm32f4xx_hal_tim_ex.o(i.HAL_TIMEx_CommutCallback)
    HAL_TIMEx_MasterConfigSynchronization    0x08000dc9   Thumb Code   116  stm32f4xx_hal_tim_ex.o(i.HAL_TIMEx_MasterConfigSynchronization)
    HAL_TIM_Base_Init                        0x08000e59   Thumb Code    54  stm32f4xx_hal_tim.o(i.HAL_TIM_Base_Init)
    HAL_TIM_Base_MspInit                     0x08000e91   Thumb Code    50  tim.o(i.HAL_TIM_Base_MspInit)
    HAL_TIM_Base_Start_IT                    0x08000ecd   Thumb Code    34  stm32f4xx_hal_tim.o(i.HAL_TIM_Base_Start_IT)
    HAL_TIM_Base_Stop_IT                     0x08000eef   Thumb Code    42  stm32f4xx_hal_tim.o(i.HAL_TIM_Base_Stop_IT)
    HAL_TIM_IC_CaptureCallback               0x08000f19   Thumb Code     2  stm32f4xx_hal_tim.o(i.HAL_TIM_IC_CaptureCallback)
    HAL_TIM_IRQHandler                       0x08000f1b   Thumb Code   358  stm32f4xx_hal_tim.o(i.HAL_TIM_IRQHandler)
    HAL_TIM_OC_DelayElapsedCallback          0x08001081   Thumb Code     2  stm32f4xx_hal_tim.o(i.HAL_TIM_OC_DelayElapsedCallback)
    HAL_TIM_PWM_PulseFinishedCallback        0x08001083   Thumb Code     2  stm32f4xx_hal_tim.o(i.HAL_TIM_PWM_PulseFinishedCallback)
    HAL_TIM_PeriodElapsedCallback            0x08001085   Thumb Code   112  modbus_rtu.o(i.HAL_TIM_PeriodElapsedCallback)
    HAL_TIM_TriggerCallback                  0x08001105   Thumb Code     2  stm32f4xx_hal_tim.o(i.HAL_TIM_TriggerCallback)
    HAL_UART_AbortReceive                    0x08001107   Thumb Code    88  stm32f4xx_hal_uart.o(i.HAL_UART_AbortReceive)
    HAL_UART_AbortReceiveCpltCallback        0x0800115f   Thumb Code     2  stm32f4xx_hal_uart.o(i.HAL_UART_AbortReceiveCpltCallback)
    HAL_UART_AbortReceive_IT                 0x08001161   Thumb Code    88  stm32f4xx_hal_uart.o(i.HAL_UART_AbortReceive_IT)
    HAL_UART_ErrorCallback                   0x080011bd   Thumb Code    74  modbus_rtu.o(i.HAL_UART_ErrorCallback)
    HAL_UART_IRQHandler                      0x08001211   Thumb Code   270  stm32f4xx_hal_uart.o(i.HAL_UART_IRQHandler)
    HAL_UART_Init                            0x08001325   Thumb Code    98  stm32f4xx_hal_uart.o(i.HAL_UART_Init)
    HAL_UART_MspInit                         0x08001389   Thumb Code   110  usart.o(i.HAL_UART_MspInit)
    HAL_UART_Receive                         0x08001405   Thumb Code   190  stm32f4xx_hal_uart.o(i.HAL_UART_Receive)
    HAL_UART_Receive_IT                      0x080014c3   Thumb Code    82  stm32f4xx_hal_uart.o(i.HAL_UART_Receive_IT)
    HAL_UART_RxCpltCallback                  0x08001515   Thumb Code   134  modbus_rtu.o(i.HAL_UART_RxCpltCallback)
    HAL_UART_Transmit                        0x080015a5   Thumb Code   186  stm32f4xx_hal_uart.o(i.HAL_UART_Transmit)
    HAL_UART_Transmit_IT                     0x0800165f   Thumb Code    62  stm32f4xx_hal_uart.o(i.HAL_UART_Transmit_IT)
    HAL_UART_TxCpltCallback                  0x0800169d   Thumb Code    54  modbus_rtu.o(i.HAL_UART_TxCpltCallback)
    HardFault_Handler                        0x080016dd   Thumb Code     2  stm32f4xx_it.o(i.HardFault_Handler)
    MX_FREERTOS_Init                         0x080016e1   Thumb Code    30  freertos.o(i.MX_FREERTOS_Init)
    MX_GPIO_Init                             0x08001709   Thumb Code    84  gpio.o(i.MX_GPIO_Init)
    MX_TIM7_Init                             0x08001765   Thumb Code    62  tim.o(i.MX_TIM7_Init)
    MX_USART1_UART_Init                      0x080017ad   Thumb Code    52  usart.o(i.MX_USART1_UART_Init)
    MemManage_Handler                        0x080017e9   Thumb Code     2  stm32f4xx_it.o(i.MemManage_Handler)
    Modbus_Init                              0x080018f1   Thumb Code   104  modbus_rtu.o(i.Modbus_Init)
    Modbus_Receive                           0x0800195d   Thumb Code   126  modbus_rtu.o(i.Modbus_Receive)
    Modbus_Test                              0x08001bf9   Thumb Code    22  main.o(i.Modbus_Test)
    NMI_Handler                              0x08001c99   Thumb Code     2  stm32f4xx_it.o(i.NMI_Handler)
    StartDefaultTask                         0x08001cf1   Thumb Code     8  freertos.o(i.StartDefaultTask)
    SysTick_Handler                          0x08001cf9   Thumb Code    38  port.o(i.SysTick_Handler)
    SystemClock_Config                       0x08001d25   Thumb Code   140  main.o(i.SystemClock_Config)
    SystemInit                               0x08001db9   Thumb Code    22  system_stm32f4xx.o(i.SystemInit)
    TIM6_DAC_IRQHandler                      0x08001dd5   Thumb Code     6  stm32f4xx_it.o(i.TIM6_DAC_IRQHandler)
    TIM7_IRQHandler                          0x08001de1   Thumb Code     6  stm32f4xx_it.o(i.TIM7_IRQHandler)
    TIM_Base_SetConfig                       0x08001ded   Thumb Code   156  stm32f4xx_hal_tim.o(i.TIM_Base_SetConfig)
    USART1_IRQHandler                        0x0800217d   Thumb Code     6  stm32f4xx_it.o(i.USART1_IRQHandler)
    UsageFault_Handler                       0x08002189   Thumb Code     2  stm32f4xx_it.o(i.UsageFault_Handler)
    __scatterload_copy                       0x080021ab   Thumb Code    14  handlers.o(i.__scatterload_copy)
    __scatterload_null                       0x080021b9   Thumb Code     2  handlers.o(i.__scatterload_null)
    __scatterload_zeroinit                   0x080021bb   Thumb Code    14  handlers.o(i.__scatterload_zeroinit)
    crc16                                    0x080021c9   Thumb Code    40  modbus_data.o(i.crc16)
    main                                     0x08002221   Thumb Code    72  main.o(i.main)
    osDelay                                  0x0800228d   Thumb Code    14  cmsis_os.o(i.osDelay)
    osKernelStart                            0x0800229b   Thumb Code    10  cmsis_os.o(i.osKernelStart)
    osThreadCreate                           0x080022a5   Thumb Code    84  cmsis_os.o(i.osThreadCreate)
    pvPortMalloc                             0x080026e5   Thumb Code   210  heap_4.o(i.pvPortMalloc)
    pvTaskIncrementMutexHeldCount            0x080027bd   Thumb Code    18  tasks.o(i.pvTaskIncrementMutexHeldCount)
    pxPortInitialiseStack                    0x080027d5   Thumb Code    40  port.o(i.pxPortInitialiseStack)
    uxListRemove                             0x08002859   Thumb Code    38  list.o(i.uxListRemove)
    vApplicationGetIdleTaskMemory            0x08002881   Thumb Code    16  freertos.o(i.vApplicationGetIdleTaskMemory)
    vListInitialise                          0x08002895   Thumb Code    22  list.o(i.vListInitialise)
    vListInitialiseItem                      0x080028ab   Thumb Code     6  list.o(i.vListInitialiseItem)
    vListInsert                              0x080028b1   Thumb Code    48  list.o(i.vListInsert)
    vListInsertEnd                           0x080028e1   Thumb Code    24  list.o(i.vListInsertEnd)
    vPortEnterCritical                       0x080028f9   Thumb Code    54  port.o(i.vPortEnterCritical)
    vPortExitCritical                        0x08002939   Thumb Code    34  port.o(i.vPortExitCritical)
    vPortFree                                0x08002961   Thumb Code    88  heap_4.o(i.vPortFree)
    vPortSetupTimerInterrupt                 0x080029bd   Thumb Code    32  port.o(i.vPortSetupTimerInterrupt)
    vPortValidateInterruptPriority           0x080029e1   Thumb Code    74  port.o(i.vPortValidateInterruptPriority)
    vTaskDelay                               0x08002a35   Thumb Code    66  tasks.o(i.vTaskDelay)
    vTaskInternalSetTimeOutState             0x08002a81   Thumb Code    12  tasks.o(i.vTaskInternalSetTimeOutState)
    vTaskMissedYield                         0x08002a91   Thumb Code     8  tasks.o(i.vTaskMissedYield)
    vTaskPlaceOnEventList                    0x08002a9d   Thumb Code    44  tasks.o(i.vTaskPlaceOnEventList)
    vTaskPriorityDisinheritAfterTimeout      0x08002acd   Thumb Code   160  tasks.o(i.vTaskPriorityDisinheritAfterTimeout)
    vTaskStartScheduler                      0x08002b75   Thumb Code    90  tasks.o(i.vTaskStartScheduler)
    vTaskSuspendAll                          0x08002be1   Thumb Code    10  tasks.o(i.vTaskSuspendAll)
    vTaskSwitchContext                       0x08002bf1   Thumb Code    82  tasks.o(i.vTaskSwitchContext)
    xPortStartScheduler                      0x08002c4d   Thumb Code   222  port.o(i.xPortStartScheduler)
    xQueueGenericCreate                      0x08002d41   Thumb Code    72  queue.o(i.xQueueGenericCreate)
    xQueueGenericReset                       0x08002d89   Thumb Code   132  queue.o(i.xQueueGenericReset)
    xQueueGiveFromISR                        0x08002e11   Thumb Code   156  queue.o(i.xQueueGiveFromISR)
    xQueueSemaphoreTake                      0x08002ead   Thumb Code   372  queue.o(i.xQueueSemaphoreTake)
    xTaskCheckForTimeOut                     0x08003025   Thumb Code   112  tasks.o(i.xTaskCheckForTimeOut)
    xTaskCreate                              0x08003099   Thumb Code    90  tasks.o(i.xTaskCreate)
    xTaskCreateStatic                        0x080030f3   Thumb Code    86  tasks.o(i.xTaskCreateStatic)
    xTaskGetSchedulerState                   0x08003149   Thumb Code    22  tasks.o(i.xTaskGetSchedulerState)
    xTaskIncrementTick                       0x08003165   Thumb Code   192  tasks.o(i.xTaskIncrementTick)
    xTaskPriorityInherit                     0x0800322d   Thumb Code   138  tasks.o(i.xTaskPriorityInherit)
    xTaskRemoveFromEventList                 0x080032c1   Thumb Code   108  tasks.o(i.xTaskRemoveFromEventList)
    xTaskResumeAll                           0x08003335   Thumb Code   182  tasks.o(i.xTaskResumeAll)
    AHBPrescTable                            0x080033f8   Data          16  system_stm32f4xx.o(.constdata)
    APBPrescTable                            0x08003408   Data           8  system_stm32f4xx.o(.constdata)
    Region$$Table$$Base                      0x0800364c   Number         0  anon$$obj.o(Region$$Table)
    Region$$Table$$Limit                     0x0800366c   Number         0  anon$$obj.o(Region$$Table)
    uwTickFreq                               0x20000000   Data           1  stm32f4xx_hal.o(.data)
    uwTickPrio                               0x20000004   Data           4  stm32f4xx_hal.o(.data)
    uwTick                                   0x20000008   Data           4  stm32f4xx_hal.o(.data)
    SystemCoreClock                          0x2000000c   Data           4  system_stm32f4xx.o(.data)
    pxCurrentTCB                             0x20000010   Data           4  tasks.o(.data)
    mosbus_dev                               0x20000070   Data           4  main.o(.data)
    defaultTaskHandle                        0x20000074   Data           4  freertos.o(.data)
    modbus_rtu_cfg                           0x200000b0   Data         280  modbus_rtu.o(.data)
    modbus_rtu_dev1                          0x200001c8   Data          16  modbus_rtu.o(.data)
    htim7                                    0x20004124   Data          64  tim.o(.bss)
    huart1                                   0x20004164   Data          64  usart.o(.bss)
    htim6                                    0x200041a4   Data          64  stm32f4xx_hal_timebase_tim.o(.bss)
    buf_bits                                 0x200041e4   Data          10  modbus_rtu.o(.bss)
    buf_input_bits                           0x200041ee   Data          10  modbus_rtu.o(.bss)
    buf_registers                            0x200041f8   Data          20  modbus_rtu.o(.bss)
    buf_input_registers                      0x2000420c   Data          20  modbus_rtu.o(.bss)
    __initial_sp                             0x20004620   Data           0  startup_stm32f407xx.o(STACK)



==============================================================================

Memory Map of the image

  Image Entry point : 0x08000189

  Load Region LR_IROM1 (Base: 0x08000000, Size: 0x0000384c, Max: 0x00080000, ABSOLUTE, COMPRESSED[0x000036b4])

    Execution Region ER_IROM1 (Exec base: 0x08000000, Load base: 0x08000000, Size: 0x0000366c, Max: 0x00080000, ABSOLUTE)

    Exec Addr    Load Addr    Size         Type   Attr      Idx    E Section Name        Object

    0x08000000   0x08000000   0x00000188   Data   RO            3    RESET               startup_stm32f407xx.o
    0x08000188   0x08000188   0x00000000   Code   RO         4415  * .ARM.Collect$$$$00000000  mc_w.l(entry.o)
    0x08000188   0x08000188   0x00000004   Code   RO         4430    .ARM.Collect$$$$00000001  mc_w.l(entry2.o)
    0x0800018c   0x0800018c   0x00000004   Code   RO         4433    .ARM.Collect$$$$00000004  mc_w.l(entry5.o)
    0x08000190   0x08000190   0x00000000   Code   RO         4435    .ARM.Collect$$$$00000008  mc_w.l(entry7b.o)
    0x08000190   0x08000190   0x00000000   Code   RO         4437    .ARM.Collect$$$$0000000A  mc_w.l(entry8b.o)
    0x08000190   0x08000190   0x00000008   Code   RO         4438    .ARM.Collect$$$$0000000B  mc_w.l(entry9a.o)
    0x08000198   0x08000198   0x00000000   Code   RO         4440    .ARM.Collect$$$$0000000D  mc_w.l(entry10a.o)
    0x08000198   0x08000198   0x00000000   Code   RO         4442    .ARM.Collect$$$$0000000F  mc_w.l(entry11a.o)
    0x08000198   0x08000198   0x00000004   Code   RO         4431    .ARM.Collect$$$$00002712  mc_w.l(entry2.o)
    0x0800019c   0x0800019c   0x000000be   Code   RO         3767    .emb_text           port.o
    0x0800025a   0x0800025a   0x00000002   PAD
    0x0800025c   0x0800025c   0x00000024   Code   RO            4    .text               startup_stm32f407xx.o
    0x08000280   0x08000280   0x00000062   Code   RO         4418    .text               mc_w.l(uldiv.o)
    0x080002e2   0x080002e2   0x00000024   Code   RO         4420    .text               mc_w.l(memcpya.o)
    0x08000306   0x08000306   0x00000024   Code   RO         4424    .text               mc_w.l(memseta.o)
    0x0800032a   0x0800032a   0x0000001c   Code   RO         4426    .text               mc_w.l(strcmp.o)
    0x08000346   0x08000346   0x0000001e   Code   RO         4444    .text               mc_w.l(llshl.o)
    0x08000364   0x08000364   0x00000020   Code   RO         4446    .text               mc_w.l(llushr.o)
    0x08000384   0x08000384   0x00000024   Code   RO         4448    .text               mc_w.l(init.o)
    0x080003a8   0x080003a8   0x00000056   Code   RO         4458    .text               mc_w.l(__dczerorl2.o)
    0x080003fe   0x080003fe   0x00000002   PAD
    0x08000400   0x08000400   0x00000024   Code   RO         3847    i.App_ControlTask   main.o
    0x08000424   0x08000424   0x00000002   Code   RO         4082    i.BusFault_Handler  stm32f4xx_it.o
    0x08000426   0x08000426   0x00000002   Code   RO         4083    i.DebugMon_Handler  stm32f4xx_it.o
    0x08000428   0x08000428   0x00000004   Code   RO         3848    i.Error_Handler     main.o
    0x0800042c   0x0800042c   0x0000002c   Code   RO         4221    i.GetUARTDevice     uart_deiver.o
    0x08000458   0x08000458   0x0000008e   Code   RO          569    i.HAL_DMA_Abort     stm32f4xx_hal_dma.o
    0x080004e6   0x080004e6   0x00000024   Code   RO          570    i.HAL_DMA_Abort_IT  stm32f4xx_hal_dma.o
    0x0800050a   0x0800050a   0x00000004   Code   RO          572    i.HAL_DMA_GetError  stm32f4xx_hal_dma.o
    0x0800050e   0x0800050e   0x00000002   PAD
    0x08000510   0x08000510   0x000001b8   Code   RO          462    i.HAL_GPIO_Init     stm32f4xx_hal_gpio.o
    0x080006c8   0x080006c8   0x0000000a   Code   RO          466    i.HAL_GPIO_WritePin  stm32f4xx_hal_gpio.o
    0x080006d2   0x080006d2   0x00000002   PAD
    0x080006d4   0x080006d4   0x0000000c   Code   RO          994    i.HAL_GetTick       stm32f4xx_hal.o
    0x080006e0   0x080006e0   0x00000010   Code   RO         1000    i.HAL_IncTick       stm32f4xx_hal.o
    0x080006f0   0x080006f0   0x00000034   Code   RO         1001    i.HAL_Init          stm32f4xx_hal.o
    0x08000724   0x08000724   0x00000074   Code   RO         4182    i.HAL_InitTick      stm32f4xx_hal_timebase_tim.o
    0x08000798   0x08000798   0x00000038   Code   RO         4158    i.HAL_MspInit       stm32f4xx_hal_msp.o
    0x080007d0   0x080007d0   0x0000001a   Code   RO          851    i.HAL_NVIC_EnableIRQ  stm32f4xx_hal_cortex.o
    0x080007ea   0x080007ea   0x00000002   PAD
    0x080007ec   0x080007ec   0x00000040   Code   RO          857    i.HAL_NVIC_SetPriority  stm32f4xx_hal_cortex.o
    0x0800082c   0x0800082c   0x00000024   Code   RO          858    i.HAL_NVIC_SetPriorityGrouping  stm32f4xx_hal_cortex.o
    0x08000850   0x08000850   0x00000134   Code   RO           14    i.HAL_RCC_ClockConfig  stm32f4xx_hal_rcc.o
    0x08000984   0x08000984   0x00000040   Code   RO           18    i.HAL_RCC_GetClockConfig  stm32f4xx_hal_rcc.o
    0x080009c4   0x080009c4   0x00000020   Code   RO           21    i.HAL_RCC_GetPCLK1Freq  stm32f4xx_hal_rcc.o
    0x080009e4   0x080009e4   0x00000020   Code   RO           22    i.HAL_RCC_GetPCLK2Freq  stm32f4xx_hal_rcc.o
    0x08000a04   0x08000a04   0x00000064   Code   RO           23    i.HAL_RCC_GetSysClockFreq  stm32f4xx_hal_rcc.o
    0x08000a68   0x08000a68   0x0000035c   Code   RO           26    i.HAL_RCC_OscConfig  stm32f4xx_hal_rcc.o
    0x08000dc4   0x08000dc4   0x00000002   Code   RO         1916    i.HAL_TIMEx_BreakCallback  stm32f4xx_hal_tim_ex.o
    0x08000dc6   0x08000dc6   0x00000002   Code   RO         1917    i.HAL_TIMEx_CommutCallback  stm32f4xx_hal_tim_ex.o
    0x08000dc8   0x08000dc8   0x00000090   Code   RO         1934    i.HAL_TIMEx_MasterConfigSynchronization  stm32f4xx_hal_tim_ex.o
    0x08000e58   0x08000e58   0x00000036   Code   RO         1241    i.HAL_TIM_Base_Init  stm32f4xx_hal_tim.o
    0x08000e8e   0x08000e8e   0x00000002   PAD
    0x08000e90   0x08000e90   0x0000003c   Code   RO         3999    i.HAL_TIM_Base_MspInit  tim.o
    0x08000ecc   0x08000ecc   0x00000022   Code   RO         1246    i.HAL_TIM_Base_Start_IT  stm32f4xx_hal_tim.o
    0x08000eee   0x08000eee   0x0000002a   Code   RO         1249    i.HAL_TIM_Base_Stop_IT  stm32f4xx_hal_tim.o
    0x08000f18   0x08000f18   0x00000002   Code   RO         1270    i.HAL_TIM_IC_CaptureCallback  stm32f4xx_hal_tim.o
    0x08000f1a   0x08000f1a   0x00000166   Code   RO         1284    i.HAL_TIM_IRQHandler  stm32f4xx_hal_tim.o
    0x08001080   0x08001080   0x00000002   Code   RO         1287    i.HAL_TIM_OC_DelayElapsedCallback  stm32f4xx_hal_tim.o
    0x08001082   0x08001082   0x00000002   Code   RO         1314    i.HAL_TIM_PWM_PulseFinishedCallback  stm32f4xx_hal_tim.o
    0x08001084   0x08001084   0x00000080   Code   RO         4288    i.HAL_TIM_PeriodElapsedCallback  modbus_rtu.o
    0x08001104   0x08001104   0x00000002   Code   RO         1327    i.HAL_TIM_TriggerCallback  stm32f4xx_hal_tim.o
    0x08001106   0x08001106   0x00000058   Code   RO         2177    i.HAL_UART_AbortReceive  stm32f4xx_hal_uart.o
    0x0800115e   0x0800115e   0x00000002   Code   RO         2178    i.HAL_UART_AbortReceiveCpltCallback  stm32f4xx_hal_uart.o
    0x08001160   0x08001160   0x0000005c   Code   RO         2179    i.HAL_UART_AbortReceive_IT  stm32f4xx_hal_uart.o
    0x080011bc   0x080011bc   0x00000054   Code   RO         4289    i.HAL_UART_ErrorCallback  modbus_rtu.o
    0x08001210   0x08001210   0x00000114   Code   RO         2191    i.HAL_UART_IRQHandler  stm32f4xx_hal_uart.o
    0x08001324   0x08001324   0x00000062   Code   RO         2192    i.HAL_UART_Init     stm32f4xx_hal_uart.o
    0x08001386   0x08001386   0x00000002   PAD
    0x08001388   0x08001388   0x0000007c   Code   RO         4041    i.HAL_UART_MspInit  usart.o
    0x08001404   0x08001404   0x000000be   Code   RO         2195    i.HAL_UART_Receive  stm32f4xx_hal_uart.o
    0x080014c2   0x080014c2   0x00000052   Code   RO         2197    i.HAL_UART_Receive_IT  stm32f4xx_hal_uart.o
    0x08001514   0x08001514   0x00000090   Code   RO         4290    i.HAL_UART_RxCpltCallback  modbus_rtu.o
    0x080015a4   0x080015a4   0x000000ba   Code   RO         2200    i.HAL_UART_Transmit  stm32f4xx_hal_uart.o
    0x0800165e   0x0800165e   0x0000003e   Code   RO         2202    i.HAL_UART_Transmit_IT  stm32f4xx_hal_uart.o
    0x0800169c   0x0800169c   0x00000040   Code   RO         4291    i.HAL_UART_TxCpltCallback  modbus_rtu.o
    0x080016dc   0x080016dc   0x00000002   Code   RO         4084    i.HardFault_Handler  stm32f4xx_it.o
    0x080016de   0x080016de   0x00000002   PAD
    0x080016e0   0x080016e0   0x00000028   Code   RO         3952    i.MX_FREERTOS_Init  freertos.o
    0x08001708   0x08001708   0x0000005c   Code   RO         3928    i.MX_GPIO_Init      gpio.o
    0x08001764   0x08001764   0x00000048   Code   RO         4000    i.MX_TIM7_Init      tim.o
    0x080017ac   0x080017ac   0x0000003c   Code   RO         4042    i.MX_USART1_UART_Init  usart.o
    0x080017e8   0x080017e8   0x00000002   Code   RO         4085    i.MemManage_Handler  stm32f4xx_it.o
    0x080017ea   0x080017ea   0x00000002   PAD
    0x080017ec   0x080017ec   0x00000104   Code   RO         4292    i.Modbus_Dispatch   modbus_rtu.o
    0x080018f0   0x080018f0   0x0000006c   Code   RO         4293    i.Modbus_Init       modbus_rtu.o
    0x0800195c   0x0800195c   0x0000007e   Code   RO         4294    i.Modbus_Receive    modbus_rtu.o
    0x080019da   0x080019da   0x000000f0   Code   RO         4295    i.Modbus_Reply_Bits  modbus_rtu.o
    0x08001aca   0x08001aca   0x00000002   PAD
    0x08001acc   0x08001acc   0x000000ca   Code   RO         4296    i.Modbus_Reply_Registers  modbus_rtu.o
    0x08001b96   0x08001b96   0x00000062   Code   RO         4297    i.Modbus_Send_Echo  modbus_rtu.o
    0x08001bf8   0x08001bf8   0x0000002c   Code   RO         3849    i.Modbus_Test       main.o
    0x08001c24   0x08001c24   0x00000074   Code   RO         4298    i.Modbus_Write_Bits  modbus_rtu.o
    0x08001c98   0x08001c98   0x00000002   Code   RO         4086    i.NMI_Handler       stm32f4xx_it.o
    0x08001c9a   0x08001c9a   0x00000056   Code   RO         4299    i.Send_Exception    modbus_rtu.o
    0x08001cf0   0x08001cf0   0x00000008   Code   RO         3953    i.StartDefaultTask  freertos.o
    0x08001cf8   0x08001cf8   0x0000002c   Code   RO         3768    i.SysTick_Handler   port.o
    0x08001d24   0x08001d24   0x00000094   Code   RO         3850    i.SystemClock_Config  main.o
    0x08001db8   0x08001db8   0x0000001c   Code   RO         2494    i.SystemInit        system_stm32f4xx.o
    0x08001dd4   0x08001dd4   0x0000000c   Code   RO         4087    i.TIM6_DAC_IRQHandler  stm32f4xx_it.o
    0x08001de0   0x08001de0   0x0000000c   Code   RO         4088    i.TIM7_IRQHandler   stm32f4xx_it.o
    0x08001dec   0x08001dec   0x000000c8   Code   RO         1329    i.TIM_Base_SetConfig  stm32f4xx_hal_tim.o
    0x08001eb4   0x08001eb4   0x00000010   Code   RO         2205    i.UART_DMAAbortOnError  stm32f4xx_hal_uart.o
    0x08001ec4   0x08001ec4   0x00000014   Code   RO         2210    i.UART_DMARxOnlyAbortCallback  stm32f4xx_hal_uart.o
    0x08001ed8   0x08001ed8   0x0000001c   Code   RO         2215    i.UART_EndRxTransfer  stm32f4xx_hal_uart.o
    0x08001ef4   0x08001ef4   0x00000096   Code   RO         2217    i.UART_Receive_IT   stm32f4xx_hal_uart.o
    0x08001f8a   0x08001f8a   0x00000002   PAD
    0x08001f8c   0x08001f8c   0x00000128   Code   RO         2218    i.UART_SetConfig    stm32f4xx_hal_uart.o
    0x080020b4   0x080020b4   0x00000062   Code   RO         2219    i.UART_Transmit_IT  stm32f4xx_hal_uart.o
    0x08002116   0x08002116   0x00000064   Code   RO         2220    i.UART_WaitOnFlagUntilTimeout  stm32f4xx_hal_uart.o
    0x0800217a   0x0800217a   0x00000002   PAD
    0x0800217c   0x0800217c   0x0000000c   Code   RO         4089    i.USART1_IRQHandler  stm32f4xx_it.o
    0x08002188   0x08002188   0x00000002   Code   RO         4090    i.UsageFault_Handler  stm32f4xx_it.o
    0x0800218a   0x0800218a   0x00000020   Code   RO          864    i.__NVIC_SetPriority  stm32f4xx_hal_cortex.o
    0x080021aa   0x080021aa   0x0000000e   Code   RO         4452    i.__scatterload_copy  mc_w.l(handlers.o)
    0x080021b8   0x080021b8   0x00000002   Code   RO         4453    i.__scatterload_null  mc_w.l(handlers.o)
    0x080021ba   0x080021ba   0x0000000e   Code   RO         4454    i.__scatterload_zeroinit  mc_w.l(handlers.o)
    0x080021c8   0x080021c8   0x0000002c   Code   RO         4392    i.crc16             modbus_data.o
    0x080021f4   0x080021f4   0x0000002c   Code   RO         4300    i.get_modbus_from_uart  modbus_rtu.o
    0x08002220   0x08002220   0x00000060   Code   RO         3851    i.main              main.o
    0x08002280   0x08002280   0x0000000c   Code   RO         3336    i.makeFreeRtosPriority  cmsis_os.o
    0x0800228c   0x0800228c   0x0000000e   Code   RO         3338    i.osDelay           cmsis_os.o
    0x0800229a   0x0800229a   0x0000000a   Code   RO         3341    i.osKernelStart     cmsis_os.o
    0x080022a4   0x080022a4   0x00000054   Code   RO         3375    i.osThreadCreate    cmsis_os.o
    0x080022f8   0x080022f8   0x00000070   Code   RO         3027    i.prvAddCurrentTaskToDelayedList  tasks.o
    0x08002368   0x08002368   0x000000d0   Code   RO         3028    i.prvAddNewTaskToReadyList  tasks.o
    0x08002438   0x08002438   0x00000034   Code   RO         3029    i.prvDeleteTCB      tasks.o
    0x0800246c   0x0800246c   0x0000004c   Code   RO         3706    i.prvHeapInit       heap_4.o
    0x080024b8   0x080024b8   0x00000060   Code   RO         3030    i.prvIdleTask       tasks.o
    0x08002518   0x08002518   0x00000016   Code   RO         2706    i.prvInitialiseNewQueue  queue.o
    0x0800252e   0x0800252e   0x00000098   Code   RO         3031    i.prvInitialiseNewTask  tasks.o
    0x080025c6   0x080025c6   0x00000002   PAD
    0x080025c8   0x080025c8   0x0000004c   Code   RO         3707    i.prvInsertBlockIntoFreeList  heap_4.o
    0x08002614   0x08002614   0x0000001c   Code   RO         2707    i.prvIsQueueEmpty   queue.o
    0x08002630   0x08002630   0x00000020   Code   RO         3032    i.prvResetNextTaskUnblockTime  tasks.o
    0x08002650   0x08002650   0x00000028   Code   RO         3769    i.prvTaskExitError  port.o
    0x08002678   0x08002678   0x0000006a   Code   RO         2708    i.prvUnlockQueue    queue.o
    0x080026e2   0x080026e2   0x00000002   PAD
    0x080026e4   0x080026e4   0x000000d8   Code   RO         3708    i.pvPortMalloc      heap_4.o
    0x080027bc   0x080027bc   0x00000018   Code   RO         3034    i.pvTaskIncrementMutexHeldCount  tasks.o
    0x080027d4   0x080027d4   0x0000002c   Code   RO         3770    i.pxPortInitialiseStack  port.o
    0x08002800   0x08002800   0x00000004   Code   RO         4222    i.uart_flush        uart_deiver.o
    0x08002804   0x08002804   0x00000004   Code   RO         4223    i.uart_init         uart_deiver.o
    0x08002808   0x08002808   0x00000014   Code   RO         4224    i.uart_recv         uart_deiver.o
    0x0800281c   0x0800281c   0x00000014   Code   RO         4225    i.uart_recv_it      uart_deiver.o
    0x08002830   0x08002830   0x00000014   Code   RO         4226    i.uart_send         uart_deiver.o
    0x08002844   0x08002844   0x00000014   Code   RO         4227    i.uart_send_it      uart_deiver.o
    0x08002858   0x08002858   0x00000026   Code   RO         2663    i.uxListRemove      list.o
    0x0800287e   0x0800287e   0x00000002   PAD
    0x08002880   0x08002880   0x00000014   Code   RO         3954    i.vApplicationGetIdleTaskMemory  freertos.o
    0x08002894   0x08002894   0x00000016   Code   RO         2664    i.vListInitialise   list.o
    0x080028aa   0x080028aa   0x00000006   Code   RO         2665    i.vListInitialiseItem  list.o
    0x080028b0   0x080028b0   0x00000030   Code   RO         2666    i.vListInsert       list.o
    0x080028e0   0x080028e0   0x00000018   Code   RO         2667    i.vListInsertEnd    list.o
    0x080028f8   0x080028f8   0x00000040   Code   RO         3772    i.vPortEnterCritical  port.o
    0x08002938   0x08002938   0x00000028   Code   RO         3773    i.vPortExitCritical  port.o
    0x08002960   0x08002960   0x0000005c   Code   RO         3709    i.vPortFree         heap_4.o
    0x080029bc   0x080029bc   0x00000024   Code   RO         3774    i.vPortSetupTimerInterrupt  port.o
    0x080029e0   0x080029e0   0x00000054   Code   RO         3775    i.vPortValidateInterruptPriority  port.o
    0x08002a34   0x08002a34   0x0000004c   Code   RO         3040    i.vTaskDelay        tasks.o
    0x08002a80   0x08002a80   0x00000010   Code   RO         3043    i.vTaskInternalSetTimeOutState  tasks.o
    0x08002a90   0x08002a90   0x0000000c   Code   RO         3044    i.vTaskMissedYield  tasks.o
    0x08002a9c   0x08002a9c   0x00000030   Code   RO         3046    i.vTaskPlaceOnEventList  tasks.o
    0x08002acc   0x08002acc   0x000000a8   Code   RO         3048    i.vTaskPriorityDisinheritAfterTimeout  tasks.o
    0x08002b74   0x08002b74   0x0000006c   Code   RO         3053    i.vTaskStartScheduler  tasks.o
    0x08002be0   0x08002be0   0x00000010   Code   RO         3055    i.vTaskSuspendAll   tasks.o
    0x08002bf0   0x08002bf0   0x0000005c   Code   RO         3056    i.vTaskSwitchContext  tasks.o
    0x08002c4c   0x08002c4c   0x000000f4   Code   RO         3776    i.xPortStartScheduler  port.o
    0x08002d40   0x08002d40   0x00000048   Code   RO         2717    i.xQueueGenericCreate  queue.o
    0x08002d88   0x08002d88   0x00000088   Code   RO         2719    i.xQueueGenericReset  queue.o
    0x08002e10   0x08002e10   0x0000009c   Code   RO         2722    i.xQueueGiveFromISR  queue.o
    0x08002eac   0x08002eac   0x00000178   Code   RO         2729    i.xQueueSemaphoreTake  queue.o
    0x08003024   0x08003024   0x00000074   Code   RO         3057    i.xTaskCheckForTimeOut  tasks.o
    0x08003098   0x08003098   0x0000005a   Code   RO         3058    i.xTaskCreate       tasks.o
    0x080030f2   0x080030f2   0x00000056   Code   RO         3059    i.xTaskCreateStatic  tasks.o
    0x08003148   0x08003148   0x0000001c   Code   RO         3063    i.xTaskGetSchedulerState  tasks.o
    0x08003164   0x08003164   0x000000c8   Code   RO         3066    i.xTaskIncrementTick  tasks.o
    0x0800322c   0x0800322c   0x00000094   Code   RO         3070    i.xTaskPriorityInherit  tasks.o
    0x080032c0   0x080032c0   0x00000074   Code   RO         3071    i.xTaskRemoveFromEventList  tasks.o
    0x08003334   0x08003334   0x000000c4   Code   RO         3072    i.xTaskResumeAll    tasks.o
    0x080033f8   0x080033f8   0x00000010   Data   RO         2495    .constdata          system_stm32f4xx.o
    0x08003408   0x08003408   0x00000008   Data   RO         2496    .constdata          system_stm32f4xx.o
    0x08003410   0x08003410   0x0000001c   Data   RO         3956    .constdata          freertos.o
    0x0800342c   0x0800342c   0x00000200   Data   RO         4393    .constdata          modbus_data.o
    0x0800362c   0x0800362c   0x0000000c   Data   RO         3957    .conststring        freertos.o
    0x08003638   0x08003638   0x00000006   Data   RO         4228    .conststring        uart_deiver.o
    0x0800363e   0x0800363e   0x00000002   PAD
    0x08003640   0x08003640   0x00000009   Data   RO         4229    .conststring        uart_deiver.o
    0x08003649   0x08003649   0x00000003   PAD
    0x0800364c   0x0800364c   0x00000020   Data   RO         4450    Region$$Table       anon$$obj.o


    Execution Region RW_IRAM2 (Exec base: 0x10000000, Load base: 0x080036b4, Size: 0x00000000, Max: 0x00010000, ABSOLUTE)

    **** No section assigned to this execution region ****


    Execution Region RW_IRAM1 (Exec base: 0x20000000, Load base: 0x0800366c, Size: 0x00004620, Max: 0x00020000, ABSOLUTE, COMPRESSED[0x00000048])

    Exec Addr    Load Addr    Size         Type   Attr      Idx    E Section Name        Object

    0x20000000   COMPRESSED   0x0000000c   Data   RW         1008    .data               stm32f4xx_hal.o
    0x2000000c   COMPRESSED   0x00000004   Data   RW         2497    .data               system_stm32f4xx.o
    0x20000010   COMPRESSED   0x0000003c   Data   RW         3075    .data               tasks.o
    0x2000004c   COMPRESSED   0x00000018   Data   RW         3714    .data               heap_4.o
    0x20000064   COMPRESSED   0x0000000c   Data   RW         3777    .data               port.o
    0x20000070   COMPRESSED   0x00000004   Data   RW         3852    .data               main.o
    0x20000074   COMPRESSED   0x00000004   Data   RW         3958    .data               freertos.o
    0x20000078   COMPRESSED   0x00000018   Data   RW         4230    .data               uart_deiver.o
    0x20000090   COMPRESSED   0x00000018   Data   RW         4231    .data               uart_deiver.o
    0x200000a8   COMPRESSED   0x00000008   Data   RW         4232    .data               uart_deiver.o
    0x200000b0   COMPRESSED   0x00000118   Data   RW         4302    .data               modbus_rtu.o
    0x200001c8   COMPRESSED   0x00000010   Data   RW         4303    .data               modbus_rtu.o
    0x200001d8   COMPRESSED   0x00000008   Data   RW         4304    .data               modbus_rtu.o
    0x200001e0        -       0x000000f0   Zero   RW         3074    .bss                tasks.o
    0x200002d0        -       0x00003c00   Zero   RW         3713    .bss                heap_4.o
    0x20003ed0        -       0x00000254   Zero   RW         3955    .bss                freertos.o
    0x20004124        -       0x00000040   Zero   RW         4001    .bss                tim.o
    0x20004164        -       0x00000040   Zero   RW         4043    .bss                usart.o
    0x200041a4        -       0x00000040   Zero   RW         4185    .bss                stm32f4xx_hal_timebase_tim.o
    0x200041e4        -       0x0000003c   Zero   RW         4301    .bss                modbus_rtu.o
    0x20004220        -       0x00000400   Zero   RW            1    STACK               startup_stm32f407xx.o


==============================================================================

Image component sizes


      Code (inc. data)   RO Data    RW Data    ZI Data      Debug   Object Name

       120          0          0          0          0      25469   cmsis_os.o
         0          0          0          0          0      19540   croutine.o
         0          0          0          0          0      21272   event_groups.o
        68         14         40          4        596       2406   freertos.o
        92          8          0          0          0        859   gpio.o
       460         24          0         24      15360       7247   heap_4.o
       138          0          0          0          0       3482   list.o
       328         64          0          4          0       9217   main.o
        44          4        512          0          0       1192   modbus_data.o
      1700         66          0        304         60      14435   modbus_rtu.o
       786         82          0         12          0      11817   port.o
       896          8          0          0          0      12033   queue.o
        36          8        392          0       1024        824   startup_stm32f407xx.o
        80         14          0         12          0       8018   stm32f4xx_hal.o
       158         14          0          0          0      33106   stm32f4xx_hal_cortex.o
       182          0          0          0          0       2642   stm32f4xx_hal_dma.o
       450         46          0          0          0       2368   stm32f4xx_hal_gpio.o
        56          4          0          0          0        846   stm32f4xx_hal_msp.o
      1396         86          0          0          0     690581   stm32f4xx_hal_rcc.o
       696         44          0          0          0       7220   stm32f4xx_hal_tim.o
       148         28          0          0          0       2417   stm32f4xx_hal_tim_ex.o
       116         16          0          0         64       1391   stm32f4xx_hal_timebase_tim.o
      1784         20          0          0          0      13049   stm32f4xx_hal_uart.o
        48         18          0          0          0       4101   stm32f4xx_it.o
         0          0          0          0          0        384   stream_buffer.o
        28          6         24          4          0       1127   system_stm32f4xx.o
      2192        164          0         60        240      26461   tasks.o
       132         20          0          0         64       1558   tim.o
         0          0          0          0          0       2480   timers.o
       132          6         15         56          0       4808   uart_deiver.o
       184         22          0          0         64       1678   usart.o

    ----------------------------------------------------------------------
     12478        786       1020        480      17472     934028   Object Totals
         0          0         32          0          0          0   (incl. Generated)
        28          0          5          0          0          0   (incl. Padding)

    ----------------------------------------------------------------------

      Code (inc. data)   RO Data    RW Data    ZI Data      Debug   Library Member Name

        86          0          0          0          0          0   __dczerorl2.o
         0          0          0          0          0          0   entry.o
         0          0          0          0          0          0   entry10a.o
         0          0          0          0          0          0   entry11a.o
         8          4          0          0          0          0   entry2.o
         4          0          0          0          0          0   entry5.o
         0          0          0          0          0          0   entry7b.o
         0          0          0          0          0          0   entry8b.o
         8          4          0          0          0          0   entry9a.o
        30          0          0          0          0          0   handlers.o
        36          8          0          0          0         68   init.o
        30          0          0          0          0         68   llshl.o
        32          0          0          0          0         68   llushr.o
        36          0          0          0          0         68   memcpya.o
        36          0          0          0          0        108   memseta.o
        28          0          0          0          0         76   strcmp.o
        98          0          0          0          0         92   uldiv.o

    ----------------------------------------------------------------------
       434         16          0          0          0        548   Library Totals
         2          0          0          0          0          0   (incl. Padding)

    ----------------------------------------------------------------------

      Code (inc. data)   RO Data    RW Data    ZI Data      Debug   Library Name

       432         16          0          0          0        548   mc_w.l

    ----------------------------------------------------------------------
       434         16          0          0          0        548   Library Totals

    ----------------------------------------------------------------------

==============================================================================


      Code (inc. data)   RO Data    RW Data    ZI Data      Debug   

     12912        802       1020        480      17472     920952   Grand Totals
     12912        802       1020         72      17472     920952   ELF Image Totals (compressed)
     12912        802       1020         72          0          0   ROM Totals

==============================================================================

    Total RO  Size (Code + RO Data)                13932 (  13.61kB)
    Total RW  Size (RW Data + ZI Data)             17952 (  17.53kB)
    Total ROM Size (Code + RO Data + RW Data)      14004 (  13.68kB)

==============================================================================

